Archive member included to satisfy reference by file (symbol)

d:/rt-threadstudio/repo/extract/toolchain_support_packages/arm/gnu_tools_for_arm_embedded_processors/10.2.1/bin/../lib/gcc/arm-none-eabi/10.2.1/../../../../arm-none-eabi/lib/thumb/v8-m.main+fp/hard\libc.a(lib_a-atoi.o)
                              ./rt-thread/components/drivers/sensors/sensor_cmd.o (atoi)
d:/rt-threadstudio/repo/extract/toolchain_support_packages/arm/gnu_tools_for_arm_embedded_processors/10.2.1/bin/../lib/gcc/arm-none-eabi/10.2.1/../../../../arm-none-eabi/lib/thumb/v8-m.main+fp/hard\libc.a(lib_a-exit.o)
                              d:/rt-threadstudio/repo/extract/toolchain_support_packages/arm/gnu_tools_for_arm_embedded_processors/10.2.1/bin/../lib/gcc/arm-none-eabi/10.2.1/../../../../arm-none-eabi/lib/thumb/v8-m.main+fp/hard/crt0.o (exit)
d:/rt-threadstudio/repo/extract/toolchain_support_packages/arm/gnu_tools_for_arm_embedded_processors/10.2.1/bin/../lib/gcc/arm-none-eabi/10.2.1/../../../../arm-none-eabi/lib/thumb/v8-m.main+fp/hard\libc.a(lib_a-impure.o)
                              d:/rt-threadstudio/repo/extract/toolchain_support_packages/arm/gnu_tools_for_arm_embedded_processors/10.2.1/bin/../lib/gcc/arm-none-eabi/10.2.1/../../../../arm-none-eabi/lib/thumb/v8-m.main+fp/hard\libc.a(lib_a-exit.o) (_global_impure_ptr)
d:/rt-threadstudio/repo/extract/toolchain_support_packages/arm/gnu_tools_for_arm_embedded_processors/10.2.1/bin/../lib/gcc/arm-none-eabi/10.2.1/../../../../arm-none-eabi/lib/thumb/v8-m.main+fp/hard\libc.a(lib_a-memcmp.o)
                              ./rt-thread/components/finsh/shell.o (memcmp)
d:/rt-threadstudio/repo/extract/toolchain_support_packages/arm/gnu_tools_for_arm_embedded_processors/10.2.1/bin/../lib/gcc/arm-none-eabi/10.2.1/../../../../arm-none-eabi/lib/thumb/v8-m.main+fp/hard\libc.a(lib_a-memcpy.o)
                              ./ra/fsp/src/r_sci_uart/r_sci_uart.o (memcpy)
d:/rt-threadstudio/repo/extract/toolchain_support_packages/arm/gnu_tools_for_arm_embedded_processors/10.2.1/bin/../lib/gcc/arm-none-eabi/10.2.1/../../../../arm-none-eabi/lib/thumb/v8-m.main+fp/hard\libc.a(lib_a-memset.o)
                              d:/rt-threadstudio/repo/extract/toolchain_support_packages/arm/gnu_tools_for_arm_embedded_processors/10.2.1/bin/../lib/gcc/arm-none-eabi/10.2.1/../../../../arm-none-eabi/lib/thumb/v8-m.main+fp/hard/crt0.o (memset)
d:/rt-threadstudio/repo/extract/toolchain_support_packages/arm/gnu_tools_for_arm_embedded_processors/10.2.1/bin/../lib/gcc/arm-none-eabi/10.2.1/../../../../arm-none-eabi/lib/thumb/v8-m.main+fp/hard\libc.a(lib_a-strcat.o)
                              ./rt-thread/components/drivers/sensors/sensor.o (strcat)
d:/rt-threadstudio/repo/extract/toolchain_support_packages/arm/gnu_tools_for_arm_embedded_processors/10.2.1/bin/../lib/gcc/arm-none-eabi/10.2.1/../../../../arm-none-eabi/lib/thumb/v8-m.main+fp/hard\libc.a(lib_a-strcmp.o)
                              ./rt-thread/components/drivers/sensors/sensor_cmd.o (strcmp)
d:/rt-threadstudio/repo/extract/toolchain_support_packages/arm/gnu_tools_for_arm_embedded_processors/10.2.1/bin/../lib/gcc/arm-none-eabi/10.2.1/../../../../arm-none-eabi/lib/thumb/v8-m.main+fp/hard\libc.a(lib_a-strcpy.o)
                              ./rt-thread/components/finsh/shell.o (strcpy)
d:/rt-threadstudio/repo/extract/toolchain_support_packages/arm/gnu_tools_for_arm_embedded_processors/10.2.1/bin/../lib/gcc/arm-none-eabi/10.2.1/../../../../arm-none-eabi/lib/thumb/v8-m.main+fp/hard\libc.a(lib_a-strlen-stub.o)
                              ./rt-thread/components/finsh/msh.o (strlen)
d:/rt-threadstudio/repo/extract/toolchain_support_packages/arm/gnu_tools_for_arm_embedded_processors/10.2.1/bin/../lib/gcc/arm-none-eabi/10.2.1/../../../../arm-none-eabi/lib/thumb/v8-m.main+fp/hard\libc.a(lib_a-strncmp.o)
                              ./rt-thread/components/finsh/msh.o (strncmp)
d:/rt-threadstudio/repo/extract/toolchain_support_packages/arm/gnu_tools_for_arm_embedded_processors/10.2.1/bin/../lib/gcc/arm-none-eabi/10.2.1/../../../../arm-none-eabi/lib/thumb/v8-m.main+fp/hard\libc.a(lib_a-strncpy.o)
                              ./rt-thread/components/finsh/shell.o (strncpy)
d:/rt-threadstudio/repo/extract/toolchain_support_packages/arm/gnu_tools_for_arm_embedded_processors/10.2.1/bin/../lib/gcc/arm-none-eabi/10.2.1/../../../../arm-none-eabi/lib/thumb/v8-m.main+fp/hard\libc.a(lib_a-strtol.o)
                              d:/rt-threadstudio/repo/extract/toolchain_support_packages/arm/gnu_tools_for_arm_embedded_processors/10.2.1/bin/../lib/gcc/arm-none-eabi/10.2.1/../../../../arm-none-eabi/lib/thumb/v8-m.main+fp/hard\libc.a(lib_a-atoi.o) (_strtol_r)
d:/rt-threadstudio/repo/extract/toolchain_support_packages/arm/gnu_tools_for_arm_embedded_processors/10.2.1/bin/../lib/gcc/arm-none-eabi/10.2.1/../../../../arm-none-eabi/lib/thumb/v8-m.main+fp/hard\libc.a(lib_a-__call_atexit.o)
[...]
Memory Configuration

Name             Origin             Length             Attributes
FLASH            0x00000000         0x00100000         xr
RAM              0x20000000         0x00040000         xrw
DATA_FLASH       0x08000000         0x00002000         xr
QSPI_FLASH       0x60000000         0x04000000         xr
OSPI_DEVICE_0    0x68000000         0x08000000         xr
OSPI_DEVICE_1    0x70000000         0x10000000         xr
OSPI_DEVICE_0_RAM 0x68000000         0x08000000         xrw
OSPI_DEVICE_1_RAM 0x70000000         0x10000000         xrw
SDRAM            0x90000000         0x00000000         xrw
OPTION_SETTING   0x0100a100         0x00000100         r
OPTION_SETTING_S 0x0100a200         0x00000100         r
ID_CODE          0x00000000         0x00000000         xr
*default*        0x00000000         0xffffffff

Linker script and memory map

LOAD d:/rt-threadstudio/repo/extract/toolchain_support_packages/arm/gnu_tools_for_arm_embedded_processors/10.2.1/bin/../lib/gcc/arm-none-eabi/10.2.1/thumb/v8-m.main+fp/hard/crti.o
LOAD d:/rt-threadstudio/repo/extract/toolchain_support_packages/arm/gnu_tools_for_arm_embedded_processors/10.2.1/bin/../lib/gcc/arm-none-eabi/10.2.1/thumb/v8-m.main+fp/hard/crtbegin.o
LOAD d:/rt-threadstudio/repo/extract/toolchain_support_packages/arm/gnu_tools_for_arm_embedded_processors/10.2.1/bin/../lib/gcc/arm-none-eabi/10.2.1/../../../../arm-none-eabi/lib/thumb/v8-m.main+fp/hard/crt0.o
LOAD ./src/hal_entry.o
LOAD ./src/mpu6050.o
LOAD ./rt-thread/src/clock.o
LOAD ./rt-thread/src/components.o
LOAD ./rt-thread/src/device.o
LOAD ./rt-thread/src/idle.o
LOAD ./rt-thread/src/ipc.o
LOAD ./rt-thread/src/irq.o
LOAD ./rt-thread/src/kservice.o
LOAD ./rt-thread/src/mem.o
LOAD ./rt-thread/src/object.o
LOAD ./rt-thread/src/scheduler.o
LOAD ./rt-thread/src/thread.o
LOAD ./rt-thread/src/timer.o
LOAD ./rt-thread/libcpu/arm/cortex-m4/context_gcc.o
LOAD ./rt-thread/libcpu/arm/cortex-m4/cpuport.o
LOAD ./rt-thread/libcpu/arm/common/backtrace.o
LOAD ./rt-thread/libcpu/arm/common/div0.o
LOAD ./rt-thread/libcpu/arm/common/showmem.o
LOAD ./rt-thread/components/libc/compilers/newlib/syscalls.o
LOAD ./rt-thread/components/libc/compilers/common/stdlib.o
LOAD ./rt-thread/components/libc/compilers/common/time.o
LOAD ./rt-thread/components/finsh/cmd.o
LOAD ./rt-thread/components/finsh/msh.o
LOAD ./rt-thread/components/finsh/shell.o
LOAD ./rt-thread/components/drivers/serial/serial_v2.o
LOAD ./rt-thread/components/drivers/sensors/sensor.o
LOAD ./rt-thread/components/drivers/sensors/sensor_cmd.o
LOAD ./rt-thread/components/drivers/misc/pin.o
LOAD ./rt-thread/components/drivers/ipc/completion.o
LOAD ./rt-thread/components/drivers/ipc/dataqueue.o
LOAD ./rt-thread/components/drivers/ipc/pipe.o
LOAD ./rt-thread/components/drivers/ipc/ringblk_buf.o
LOAD ./rt-thread/components/drivers/ipc/ringbuffer.o
LOAD ./rt-thread/components/drivers/ipc/waitqueue.o
LOAD ./rt-thread/components/drivers/ipc/workqueue.o
LOAD ./rt-thread/components/drivers/i2c/i2c-bit-ops.o
LOAD ./rt-thread/components/drivers/i2c/i2c_core.o
LOAD ./rt-thread/components/drivers/i2c/i2c_dev.o
LOAD ./ra_gen/common_data.o
LOAD ./ra_gen/hal_data.o
LOAD ./ra_gen/main.o
LOAD ./ra_gen/pin_data.o
LOAD ./ra_gen/vector_data.o
LOAD ./ra/fsp/src/r_sci_uart/r_sci_uart.o
LOAD ./ra/fsp/src/r_ioport/r_ioport.o
LOAD ./ra/fsp/src/r_icu/r_icu.o
LOAD ./ra/fsp/src/bsp/mcu/all/bsp_clocks.o
LOAD ./ra/fsp/src/bsp/mcu/all/bsp_common.o
LOAD ./ra/fsp/src/bsp/mcu/all/bsp_delay.o
LOAD ./ra/fsp/src/bsp/mcu/all/bsp_group_irq.o
LOAD ./ra/fsp/src/bsp/mcu/all/bsp_guard.o
LOAD ./ra/fsp/src/bsp/mcu/all/bsp_io.o
LOAD ./ra/fsp/src/bsp/mcu/all/bsp_irq.o
LOAD ./ra/fsp/src/bsp/mcu/all/bsp_register_protection.o
LOAD ./ra/fsp/src/bsp/mcu/all/bsp_rom_registers.o
LOAD ./ra/fsp/src/bsp/mcu/all/bsp_sbrk.o
LOAD ./ra/fsp/src/bsp/mcu/all/bsp_security.o
LOAD ./ra/fsp/src/bsp/cmsis/Device/RENESAS/Source/startup.o
LOAD ./ra/fsp/src/bsp/cmsis/Device/RENESAS/Source/system.o
LOAD ./packages/mpu6xxx-latest/src/mpu6xxx.o
LOAD ./packages/mpu6xxx-latest/src/sensor_inven_mpu6xxx.o
LOAD ./libraries/HAL_Drivers/drv_common.o
LOAD ./libraries/HAL_Drivers/drv_gpio.o
LOAD ./libraries/HAL_Drivers/drv_soft_i2c.o
LOAD ./libraries/HAL_Drivers/drv_usart_v2.o
LOAD ./board/ports/drv_rw007.o
LOAD d:/rt-threadstudio/repo/extract/toolchain_support_packages/arm/gnu_tools_for_arm_embedded_processors/10.2.1/bin/../lib/gcc/arm-none-eabi/10.2.1/../../../../arm-none-eabi/lib/thumb/v8-m.main+fp/hard\libm.a
LOAD d:/rt-threadstudio/repo/extract/toolchain_support_packages/arm/gnu_tools_for_arm_embedded_processors/10.2.1/bin/../lib/gcc/arm-none-eabi/10.2.1/../../../../arm-none-eabi/lib/thumb/v8-m.main+fp/hard\libc.a
START GROUP
LOAD d:/rt-threadstudio/repo/extract/toolchain_support_packages/arm/gnu_tools_for_arm_embedded_processors/10.2.1/bin/../lib/gcc/arm-none-eabi/10.2.1/thumb/v8-m.main+fp/hard\libgcc.a
LOAD d:/rt-threadstudio/repo/extract/toolchain_support_packages/arm/gnu_tools_for_arm_embedded_processors/10.2.1/bin/../lib/gcc/arm-none-eabi/10.2.1/../../../../arm-none-eabi/lib/thumb/v8-m.main+fp/hard\libc.a
END GROUP
LOAD d:/rt-threadstudio/repo/extract/toolchain_support_packages/arm/gnu_tools_for_arm_embedded_processors/10.2.1/bin/../lib/gcc/arm-none-eabi/10.2.1/thumb/v8-m.main+fp/hard/crtend.o
LOAD d:/rt-threadstudio/repo/extract/toolchain_support_packages/arm/gnu_tools_for_arm_embedded_processors/10.2.1/bin/../lib/gcc/arm-none-eabi/10.2.1/thumb/v8-m.main+fp/hard/crtn.o
                0x20000000                RAM_START = 0x20000000
                0x00040000                RAM_LENGTH = 0x40000
                0x00000000                FLASH_START = 0x0
                0x00100000                FLASH_LENGTH = 0x100000
                0x08000000                DATA_FLASH_START = 0x8000000
                0x00002000                DATA_FLASH_LENGTH = 0x2000
                0x0100a100                OPTION_SETTING_START = 0x100a100
                0x00000100                OPTION_SETTING_LENGTH = 0x100
                0x0100a200                OPTION_SETTING_S_START = 0x100a200
                0x00000100                OPTION_SETTING_S_LENGTH = 0x100
                0x00000000                ID_CODE_START = 0x0
                0x00000000                ID_CODE_LENGTH = 0x0
                0x90000000                SDRAM_START = 0x90000000
                0x00000000                SDRAM_LENGTH = 0x0
                0x60000000                QSPI_FLASH_START = 0x60000000
                0x04000000                QSPI_FLASH_LENGTH = 0x4000000
                0x68000000                OSPI_DEVICE_0_START = 0x68000000
                0x08000000                OSPI_DEVICE_0_LENGTH = 0x8000000
                0x70000000                OSPI_DEVICE_1_START = 0x70000000
                0x10000000                OSPI_DEVICE_1_LENGTH = 0x10000000
                0x04000000                QSPI_FLASH_PRV_LENGTH = DEFINED (QSPI_FLASH_SIZE)?ABSOLUTE (QSPI_FLASH_SIZE):ABSOLUTE (QSPI_FLASH_LENGTH)
                0x08000000                OSPI_DEVICE_0_PRV_LENGTH = DEFINED (OSPI_DEVICE_0_SIZE)?ABSOLUTE (OSPI_DEVICE_0_SIZE):ABSOLUTE (OSPI_DEVICE_0_LENGTH)
                0x10000000                OSPI_DEVICE_1_PRV_LENGTH = DEFINED (OSPI_DEVICE_1_SIZE)?ABSOLUTE (OSPI_DEVICE_1_SIZE):ABSOLUTE (OSPI_DEVICE_1_LENGTH)
                0x00000000                __RESERVE_NS_RAM = ((! (DEFINED (PROJECT_NONSECURE)) && DEFINED (RAM_NS_BUFFER_LENGTH)) && (OPTION_SETTING_S_LENGTH != 0x0))
                0x00000000                RAM_NS_BUFFER_BLOCK_LENGTH = DEFINED (RAM_NS_BUFFER_LENGTH)?ALIGN (RAM_NS_BUFFER_LENGTH, 0x2000):0x0
                0x00000000                RAM_NS_BUFFER_LENGTH = DEFINED (RAM_NS_BUFFER_LENGTH)?RAM_NS_BUFFER_LENGTH:0x0
                0x20040000                RAM_NS_BUFFER_START = ((RAM_START + RAM_LENGTH) - RAM_NS_BUFFER_LENGTH)
                0x20040000                RAM_NS_BUFFER_BLOCK_START = ((RAM_START + RAM_LENGTH) - RAM_NS_BUFFER_BLOCK_LENGTH)
                0x0100a180                OPTION_SETTING_START_NS = 0x100a180
                0x00000001                __bl_FSP_BOOTABLE_IMAGE = 0x1
                0x00000001                __bln_FSP_BOOTABLE_IMAGE = 0x1
                0x00000001                PROJECT_SECURE_OR_FLAT = ((! (DEFINED (PROJECT_NONSECURE)) && OPTION_SETTING_LENGTH) && ! (DEFINED (FSP_BOOTABLE_IMAGE)))
                0x00000000                USE_OPTION_SETTING_NS = (DEFINED (PROJECT_NONSECURE) && ! (DEFINED (FSP_BOOTABLE_IMAGE)))
                0x00000000                __bl_FLASH_IMAGE_START = ! (DEFINED (FLASH_BOOTLOADER_LENGTH))?0x0:(FLASH_APPLICATION_IMAGE_NUMBER == 0x1)?(FLASH_BOOTLOADER_LENGTH + FLASH_BOOTLOADER_HEADER_LENGTH):(((FLASH_BOOTLOADER_LENGTH + FLASH_BOOTLOADER_SCRATCH_LENGTH) + FLASH_APPLICATION_S_LENGTH) + FLASH_BOOTLOADER_HEADER_LENGTH)
                0x00000000                __bl_FLASH_IMAGE_LENGTH = ! (DEFINED (FLASH_BOOTLOADER_LENGTH))?0x0:(FLASH_APPLICATION_S_LENGTH - FLASH_BOOTLOADER_HEADER_LENGTH)
                0x00000000                __bl_FLASH_IMAGE_END = (__bl_FLASH_IMAGE_START + __bl_FLASH_IMAGE_LENGTH)
                0x00000000                __bl_FLASH_NS_START = ! (DEFINED (FLASH_BOOTLOADER_LENGTH))?0x0:(FLASH_APPLICATION_NS_LENGTH == 0x0)?__bl_FLASH_IMAGE_END:((__bl_FLASH_IMAGE_START - FLASH_BOOTLOADER_HEADER_LENGTH) + FLASH_APPLICATION_S_LENGTH)
                0x00000000                __bl_FLASH_NSC_START = ! (DEFINED (FLASH_BOOTLOADER_LENGTH))?0x0:(FLASH_APPLICATION_NS_LENGTH == 0x0)?__bl_FLASH_IMAGE_END:(__bl_FLASH_NS_START - FLASH_APPLICATION_NSC_LENGTH)
                0x00000000                __bl_RAM_NS_START = ! (DEFINED (FLASH_BOOTLOADER_LENGTH))?0x0:(FLASH_APPLICATION_NS_LENGTH == 0x0)?(RAM_START + RAM_LENGTH):((RAM_START + RAM_LENGTH) - RAM_APPLICATION_NS_LENGTH)
                0x00000000                __bl_RAM_NSC_START = ! (DEFINED (FLASH_BOOTLOADER_LENGTH))?0x0:(FLASH_APPLICATION_NS_LENGTH == 0x0)?(RAM_START + RAM_LENGTH):(__bl_RAM_NS_START - RAM_APPLICATION_NSC_LENGTH)
                0x00000000                __bl_FLASH_NS_IMAGE_START = ! (DEFINED (FLASH_BOOTLOADER_LENGTH))?0x0:(FLASH_APPLICATION_NS_LENGTH == 0x0)?__bl_FLASH_IMAGE_END:(__bl_FLASH_NS_START + FLASH_BOOTLOADER_HEADER_LENGTH_2)
                0x00000000                __bln_FLASH_IMAGE_START = __bl_FLASH_NS_IMAGE_START
                0x00000000                __bln_FLASH_IMAGE_LENGTH = ! (DEFINED (FLASH_BOOTLOADER_LENGTH))?0x0:(FLASH_APPLICATION_NS_LENGTH == 0x0)?__bl_FLASH_IMAGE_END:(FLASH_APPLICATION_NS_LENGTH - FLASH_BOOTLOADER_HEADER_LENGTH_2)
                0x00000000                FLASH_ORIGIN = DEFINED (FLASH_IMAGE_START)?FLASH_IMAGE_START:FLASH_START
                0x00100000                LIMITED_FLASH_LENGTH = DEFINED (FLASH_IMAGE_LENGTH)?FLASH_IMAGE_LENGTH:DEFINED (FLASH_BOOTLOADER_LENGTH)?FLASH_BOOTLOADER_LENGTH:FLASH_LENGTH
START GROUP
LOAD d:/rt-threadstudio/repo/extract/toolchain_support_packages/arm/gnu_tools_for_arm_embedded_processors/10.2.1/bin/../lib/gcc/arm-none-eabi/10.2.1/thumb/v8-m.main+fp/hard\libgcc.a
LOAD d:/rt-threadstudio/repo/extract/toolchain_support_packages/arm/gnu_tools_for_arm_embedded_processors/10.2.1/bin/../lib/gcc/arm-none-eabi/10.2.1/../../../../arm-none-eabi/lib/thumb/v8-m.main+fp/hard\libc.a
LOAD d:/rt-threadstudio/repo/extract/toolchain_support_packages/arm/gnu_tools_for_arm_embedded_processors/10.2.1/bin/../lib/gcc/arm-none-eabi/10.2.1/../../../../arm-none-eabi/lib/thumb/v8-m.main+fp/hard\libm.a
LOAD d:/rt-threadstudio/repo/extract/toolchain_support_packages/arm/gnu_tools_for_arm_embedded_processors/10.2.1/bin/../lib/gcc/arm-none-eabi/10.2.1/../../../../arm-none-eabi/lib/thumb/v8-m.main+fp/hard\libnosys.a
END GROUP

.text           0x00000000    0x13880
                0x00000000                __tz_FLASH_S = ABSOLUTE (FLASH_START)
                0x00000000                __ROM_Start = .
 *(.fixed_vectors*)
 .fixed_vectors
                0x00000000       0x40 ./ra/fsp/src/bsp/cmsis/Device/RENESAS/Source/startup.o
                0x00000000                __Vectors
 *(.application_vectors*)
 .application_vectors
                0x00000040      0x180 ./ra_gen/vector_data.o
                0x00000040                g_vector_table
                0x000001c0                __Vectors_End = .
                0x000001c0                . = (OPTION_SETTING_LENGTH > 0x0)?.:(__ROM_Start + 0x400)
 *(.rom_registers*)
                0x000001c0                . = (OPTION_SETTING_LENGTH > 0x0)?.:(__ROM_Start + 0x500)
                0x00000200                . = ALIGN (0x80)
 *fill*         0x000001c0       0x40 ff
 *(.mcuboot_sce9_key*)
 *(.text*)
 .text          0x00000200       0x40 d:/rt-threadstudio/repo/extract/toolchain_support_packages/arm/gnu_tools_for_arm_embedded_processors/10.2.1/bin/../lib/gcc/arm-none-eabi/10.2.1/thumb/v8-m.main+fp/hard/crtbegin.o
 .text.hal_entry
                0x00000240       0x34 ./src/hal_entry.o
                0x00000240                hal_entry
 .text.irq_callback_test
                0x00000274       0x1c ./src/hal_entry.o
                0x00000274                irq_callback_test
 .text.icu_sample
                0x00000290       0x68 ./src/hal_entry.o
                0x00000290                icu_sample
 .text.rt_hw_mpu6xxx_port
                0x000002f8       0x30 ./src/mpu6050.o
                0x000002f8                rt_hw_mpu6xxx_port
 .text.rt_tick_get
                0x00000328       0x18 ./rt-thread/src/clock.o
                0x00000328                rt_tick_get
 .text.rt_tick_increase
                0x00000340       0x7c ./rt-thread/src/clock.o
                0x00000340                rt_tick_increase
 .text.rt_tick_from_millisecond
                0x000003bc       0x78 ./rt-thread/src/clock.o
                0x000003bc                rt_tick_from_millisecond
 .text.rti_start
                0x00000434       0x10 ./rt-thread/src/components.o
 .text.rti_board_start
                0x00000444       0x10 ./rt-thread/src/components.o
 .text.rti_board_end
                0x00000454       0x10 ./rt-thread/src/components.o
 .text.rti_end  0x00000464       0x10 ./rt-thread/src/components.o
 .text.rt_components_board_init
                0x00000474       0x34 ./rt-thread/src/components.o
                0x00000474                rt_components_board_init
 .text.rt_components_init
                0x000004a8       0x34 ./rt-thread/src/components.o
                0x000004a8                rt_components_init
 .text.entry    0x000004dc        0xe ./rt-thread/src/components.o
                0x000004dc                entry
 .text.main_thread_entry
                0x000004ea       0x18 ./rt-thread/src/components.o
                0x000004ea                main_thread_entry
 *fill*         0x00000502        0x2 ff
 .text.rt_application_init
                0x00000504       0x4c ./rt-thread/src/components.o
                0x00000504                rt_application_init
 .text.rtthread_startup
                0x00000550       0x2e ./rt-thread/src/components.o
                0x00000550                rtthread_startup
 .text.rt_device_register
                0x0000057e       0x54 ./rt-thread/src/device.o
                0x0000057e                rt_device_register
 *fill*         0x000005d2        0x2 ff
 .text.rt_device_unregister
                0x000005d4       0x6c ./rt-thread/src/device.o
                0x000005d4                rt_device_unregister
 .text.rt_device_find
                0x00000640       0x1a ./rt-thread/src/device.o
                0x00000640                rt_device_find
 *fill*         0x0000065a        0x2 ff
 .text.rt_device_open
                0x0000065c      0x108 ./rt-thread/src/device.o
                0x0000065c                rt_device_open
 .text.rt_device_close
                0x00000764       0x9c ./rt-thread/src/device.o
                0x00000764                rt_device_close
 .text.rt_device_read
                0x00000800       0x88 ./rt-thread/src/device.o
                0x00000800                rt_device_read
 .text.rt_device_write
                0x00000888       0x88 ./rt-thread/src/device.o
                0x00000888                rt_device_write
 .text.rt_device_control
                0x00000910       0x68 ./rt-thread/src/device.o
                0x00000910                rt_device_control
 .text.rt_device_set_rx_indicate
                0x00000978       0x54 ./rt-thread/src/device.o
                0x00000978                rt_device_set_rx_indicate
 .text.rt_list_insert_after
                0x000009cc       0x32 ./rt-thread/src/idle.o
 .text.rt_list_remove
                0x000009fe       0x36 ./rt-thread/src/idle.o
 .text.rt_thread_defunct_enqueue
                0x00000a34       0x20 ./rt-thread/src/idle.o
                0x00000a34                rt_thread_defunct_enqueue
 .text.rt_thread_defunct_dequeue
                0x00000a54       0x44 ./rt-thread/src/idle.o
                0x00000a54                rt_thread_defunct_dequeue
 .text.rt_defunct_execute
                0x00000a98       0x54 ./rt-thread/src/idle.o
 .text.rt_thread_idle_entry
                0x00000aec       0x38 ./rt-thread/src/idle.o
 .text.rt_thread_idle_init
                0x00000b24       0x78 ./rt-thread/src/idle.o
                0x00000b24                rt_thread_idle_init
 .text.rt_list_init
                0x00000b9c       0x22 ./rt-thread/src/ipc.o
 .text.rt_list_insert_before
                0x00000bbe       0x32 ./rt-thread/src/ipc.o
 .text.rt_list_isempty
                0x00000bf0       0x24 ./rt-thread/src/ipc.o
 .text._ipc_object_init
                0x00000c14       0x1c ./rt-thread/src/ipc.o
 .text._ipc_list_suspend
                0x00000c30       0xa4 ./rt-thread/src/ipc.o
 .text._ipc_list_resume
                0x00000cd4       0x20 ./rt-thread/src/ipc.o
 .text.rt_sem_init
                0x00000cf4       0x88 ./rt-thread/src/ipc.o
                0x00000cf4                rt_sem_init
 .text.rt_sem_create
                0x00000d7c       0xac ./rt-thread/src/ipc.o
                0x00000d7c                rt_sem_create
 .text.rt_sem_take
                0x00000e28      0x190 ./rt-thread/src/ipc.o
                0x00000e28                rt_sem_take
 .text.rt_sem_release
                0x00000fb8       0xbc ./rt-thread/src/ipc.o
                0x00000fb8                rt_sem_release
 .text.rt_mutex_init
                0x00001074       0x64 ./rt-thread/src/ipc.o
                0x00001074                rt_mutex_init
 .text.rt_mutex_create
                0x000010d8       0x88 ./rt-thread/src/ipc.o
                0x000010d8                rt_mutex_create
 .text.rt_mutex_take
                0x00001160      0x21c ./rt-thread/src/ipc.o
                0x00001160                rt_mutex_take
 .text.rt_mutex_release
                0x0000137c      0x1bc ./rt-thread/src/ipc.o
                0x0000137c                rt_mutex_release
 .text.rt_interrupt_enter
                0x00001538       0x40 ./rt-thread/src/irq.o
                0x00001538                rt_interrupt_enter
 .text.rt_interrupt_leave
                0x00001578       0x40 ./rt-thread/src/irq.o
                0x00001578                rt_interrupt_leave
 .text.rt_interrupt_get_nest
                0x000015b8       0x28 ./rt-thread/src/irq.o
                0x000015b8                rt_interrupt_get_nest
 .text.rt_set_errno
                0x000015e0       0x40 ./rt-thread/src/kservice.o
                0x000015e0                rt_set_errno
 .text._rt_errno
                0x00001620       0x34 ./rt-thread/src/kservice.o
                0x00001620                _rt_errno
 .text.rt_memset
                0x00001654       0xb6 ./rt-thread/src/kservice.o
                0x00001654                rt_memset
 .text.rt_memcpy
                0x0000170a       0xd2 ./rt-thread/src/kservice.o
                0x0000170a                rt_memcpy
 .text.rt_memmove
                0x000017dc       0x82 ./rt-thread/src/kservice.o
                0x000017dc                rt_memmove
 .text.rt_strncpy
                0x0000185e       0x64 ./rt-thread/src/kservice.o
                0x0000185e                rt_strncpy
 .text.rt_strncmp
                0x000018c2       0x4a ./rt-thread/src/kservice.o
                0x000018c2                rt_strncmp
 .text.rt_strlen
                0x0000190c       0x2e ./rt-thread/src/kservice.o
                0x0000190c                rt_strlen
 *fill*         0x0000193a        0x2 ff
 .text.rt_show_version
                0x0000193c       0x4c ./rt-thread/src/kservice.o
                0x0000193c                rt_show_version
 .text.divide   0x00001988       0x68 ./rt-thread/src/kservice.o
 .text.skip_atoi
                0x000019f0       0x40 ./rt-thread/src/kservice.o
 .text.print_number
                0x00001a30      0x1dc ./rt-thread/src/kservice.o
 .text.rt_vsnprintf
                0x00001c0c      0x4ac ./rt-thread/src/kservice.o
                0x00001c0c                rt_vsnprintf
 .text.rt_vsprintf
                0x000020b8       0x24 ./rt-thread/src/kservice.o
                0x000020b8                rt_vsprintf
 .text.rt_sprintf
                0x000020dc       0x2c ./rt-thread/src/kservice.o
                0x000020dc                rt_sprintf
 .text.rt_console_get_device
                0x00002108       0x18 ./rt-thread/src/kservice.o
                0x00002108                rt_console_get_device
 .text.rt_console_set_device
                0x00002120       0x58 ./rt-thread/src/kservice.o
                0x00002120                rt_console_set_device
 .text.rt_hw_console_output
                0x00002178       0x14 ./rt-thread/src/kservice.o
                0x00002178                rt_hw_console_output
 .text.rt_kprintf
                0x0000218c       0x60 ./rt-thread/src/kservice.o
                0x0000218c                rt_kprintf
 .text._heap_lock_init
                0x000021ec       0x1c ./rt-thread/src/kservice.o
 .text._heap_lock
                0x00002208       0x28 ./rt-thread/src/kservice.o
 .text._heap_unlock
                0x00002230       0x40 ./rt-thread/src/kservice.o
 .text._smem_info
                0x00002270       0x4c ./rt-thread/src/kservice.o
 .text.rt_system_heap_init
                0x000022bc       0x64 ./rt-thread/src/kservice.o
                0x000022bc                rt_system_heap_init
 .text.rt_malloc
                0x00002320       0x48 ./rt-thread/src/kservice.o
                0x00002320                rt_malloc
 .text.rt_calloc
                0x00002368       0x3c ./rt-thread/src/kservice.o
                0x00002368                rt_calloc
 .text.rt_free  0x000023a4       0x38 ./rt-thread/src/kservice.o
                0x000023a4                rt_free
 .text.rt_memory_info
                0x000023dc       0x2a ./rt-thread/src/kservice.o
                0x000023dc                rt_memory_info
 *fill*         0x00002406        0x2 ff
 .text.rt_assert_handler
                0x00002408       0x4c ./rt-thread/src/kservice.o
                0x00002408                rt_assert_handler
 .text.plug_holes
                0x00002454       0xf8 ./rt-thread/src/mem.o
 .text.rt_smem_init
                0x0000254c      0x104 ./rt-thread/src/mem.o
                0x0000254c                rt_smem_init
 .text.rt_smem_alloc
                0x00002650      0x268 ./rt-thread/src/mem.o
                0x00002650                rt_smem_alloc
 .text.rt_smem_free
                0x000028b8      0x140 ./rt-thread/src/mem.o
                0x000028b8                rt_smem_free
 .text.rt_list_insert_after
                0x000029f8       0x32 ./rt-thread/src/object.o
 .text.rt_list_remove
                0x00002a2a       0x36 ./rt-thread/src/object.o
 .text.rt_object_get_information
                0x00002a60       0x48 ./rt-thread/src/object.o
                0x00002a60                rt_object_get_information
 .text.rt_object_init
                0x00002aa8       0xcc ./rt-thread/src/object.o
                0x00002aa8                rt_object_init
 .text.rt_object_detach
                0x00002b74       0x5c ./rt-thread/src/object.o
                0x00002b74                rt_object_detach
 .text.rt_object_allocate
                0x00002bd0       0xd8 ./rt-thread/src/object.o
                0x00002bd0                rt_object_allocate
 .text.rt_object_delete
                0x00002ca8       0x7c ./rt-thread/src/object.o
                0x00002ca8                rt_object_delete
 .text.rt_object_is_systemobject
                0x00002d24       0x3c ./rt-thread/src/object.o
                0x00002d24                rt_object_is_systemobject
 .text.rt_object_get_type
                0x00002d60       0x34 ./rt-thread/src/object.o
                0x00002d60                rt_object_get_type
 .text.rt_object_find
                0x00002d94       0xb4 ./rt-thread/src/object.o
                0x00002d94                rt_object_find
 .text.rt_list_init
                0x00002e48       0x22 ./rt-thread/src/scheduler.o
 .text.rt_list_insert_before
                0x00002e6a       0x32 ./rt-thread/src/scheduler.o
 .text.rt_list_remove
                0x00002e9c       0x36 ./rt-thread/src/scheduler.o
 .text.rt_list_isempty
                0x00002ed2       0x24 ./rt-thread/src/scheduler.o
 *fill*         0x00002ef6        0x2 ff
 .text._rt_scheduler_stack_check
                0x00002ef8       0x94 ./rt-thread/src/scheduler.o
 .text._scheduler_get_highest_priority_thread
                0x00002f8c       0x38 ./rt-thread/src/scheduler.o
 .text.rt_system_scheduler_init
                0x00002fc4       0x38 ./rt-thread/src/scheduler.o
                0x00002fc4                rt_system_scheduler_init
 .text.rt_system_scheduler_start
                0x00002ffc       0x38 ./rt-thread/src/scheduler.o
                0x00002ffc                rt_system_scheduler_start
 .text.rt_schedule
                0x00003034      0x19c ./rt-thread/src/scheduler.o
                0x00003034                rt_schedule
 .text.rt_schedule_insert_thread
                0x000031d0       0xac ./rt-thread/src/scheduler.o
                0x000031d0                rt_schedule_insert_thread
 .text.rt_schedule_remove_thread
                0x0000327c       0x70 ./rt-thread/src/scheduler.o
                0x0000327c                rt_schedule_remove_thread
 .text.rt_enter_critical
                0x000032ec       0x2c ./rt-thread/src/scheduler.o
                0x000032ec                rt_enter_critical
 .text.rt_exit_critical
                0x00003318       0x54 ./rt-thread/src/scheduler.o
                0x00003318                rt_exit_critical
 .text.rt_critical_level
                0x0000336c       0x1c ./rt-thread/src/scheduler.o
                0x0000336c                rt_critical_level
 .text.rt_list_init
                0x00003388       0x22 ./rt-thread/src/thread.o
 .text.rt_list_remove
                0x000033aa       0x36 ./rt-thread/src/thread.o
 .text._thread_exit
                0x000033e0       0x42 ./rt-thread/src/thread.o
 *fill*         0x00003422        0x2 ff
 .text._thread_timeout
                0x00003424       0x8c ./rt-thread/src/thread.o
 .text._thread_init
                0x000034b0       0xfc ./rt-thread/src/thread.o
 .text.rt_thread_init
                0x000035ac       0x70 ./rt-thread/src/thread.o
                0x000035ac                rt_thread_init
 .text.rt_thread_self
                0x0000361c       0x18 ./rt-thread/src/thread.o
                0x0000361c                rt_thread_self
 .text.rt_thread_startup
                0x00003634       0x94 ./rt-thread/src/thread.o
                0x00003634                rt_thread_startup
 .text.rt_thread_detach
                0x000036c8       0xb0 ./rt-thread/src/thread.o
                0x000036c8                rt_thread_detach
 .text.rt_thread_create
                0x00003778       0x62 ./rt-thread/src/thread.o
                0x00003778                rt_thread_create
 *fill*         0x000037da        0x2 ff
 .text.rt_thread_delete
                0x000037dc       0xb0 ./rt-thread/src/thread.o
                0x000037dc                rt_thread_delete
 .text.rt_thread_sleep
                0x0000388c       0x94 ./rt-thread/src/thread.o
                0x0000388c                rt_thread_sleep
 .text.rt_thread_delay
                0x00003920       0x18 ./rt-thread/src/thread.o
                0x00003920                rt_thread_delay
 .text.rt_thread_mdelay
                0x00003938       0x20 ./rt-thread/src/thread.o
                0x00003938                rt_thread_mdelay
 .text.rt_thread_control
                0x00003958       0xfc ./rt-thread/src/thread.o
                0x00003958                rt_thread_control
 .text.rt_thread_suspend
                0x00003a54       0xc8 ./rt-thread/src/thread.o
                0x00003a54                rt_thread_suspend
 .text.rt_thread_resume
                0x00003b1c       0x98 ./rt-thread/src/thread.o
                0x00003b1c                rt_thread_resume
 .text.rt_list_init
                0x00003bb4       0x22 ./rt-thread/src/timer.o
 .text.rt_list_insert_after
                0x00003bd6       0x32 ./rt-thread/src/timer.o
 .text.rt_list_remove
                0x00003c08       0x36 ./rt-thread/src/timer.o
 .text.rt_list_isempty
                0x00003c3e       0x24 ./rt-thread/src/timer.o
 .text._timer_init
                0x00003c62       0x6a ./rt-thread/src/timer.o
 .text._timer_list_next_timeout
                0x00003ccc       0x48 ./rt-thread/src/timer.o
 .text._timer_remove
                0x00003d14       0x36 ./rt-thread/src/timer.o
 *fill*         0x00003d4a        0x2 ff
 .text.rt_timer_init
                0x00003d4c       0x7c ./rt-thread/src/timer.o
                0x00003d4c                rt_timer_init
 .text.rt_timer_detach
                0x00003dc8       0x90 ./rt-thread/src/timer.o
                0x00003dc8                rt_timer_detach
 .text.rt_timer_start
                0x00003e58      0x224 ./rt-thread/src/timer.o
                0x00003e58                rt_timer_start
 .text.rt_timer_stop
                0x0000407c       0x94 ./rt-thread/src/timer.o
                0x0000407c                rt_timer_stop
 .text.rt_timer_control
                0x00004110       0xf8 ./rt-thread/src/timer.o
                0x00004110                rt_timer_control
 .text.rt_timer_check
                0x00004208      0x108 ./rt-thread/src/timer.o
                0x00004208                rt_timer_check
 .text.rt_soft_timer_check
                0x00004310      0x11c ./rt-thread/src/timer.o
                0x00004310                rt_soft_timer_check
 .text._timer_thread_entry
                0x0000442c       0x5c ./rt-thread/src/timer.o
 .text.rt_system_timer_init
                0x00004488       0x34 ./rt-thread/src/timer.o
                0x00004488                rt_system_timer_init
 .text.rt_system_timer_thread_init
                0x000044bc       0x68 ./rt-thread/src/timer.o
                0x000044bc                rt_system_timer_thread_init
 .text          0x00004524      0x13c ./rt-thread/libcpu/arm/cortex-m4/context_gcc.o
                0x00004524                rt_hw_interrupt_disable
                0x0000452c                rt_hw_interrupt_enable
                0x00004532                rt_hw_context_switch_interrupt
                0x00004532                rt_hw_context_switch
                0x00004552                PendSV_Handler
                0x000045be                rt_hw_context_switch_to
                0x00004604                rt_hw_interrupt_thread_switch
                0x00004608                HardFault_Handler
 .text.rt_hw_stack_init
                0x00004660       0x90 ./rt-thread/libcpu/arm/cortex-m4/cpuport.o
                0x00004660                rt_hw_stack_init
 .text.usage_fault_track
                0x000046f0       0xc4 ./rt-thread/libcpu/arm/cortex-m4/cpuport.o
 .text.bus_fault_track
                0x000047b4       0xcc ./rt-thread/libcpu/arm/cortex-m4/cpuport.o
 .text.mem_manage_fault_track
                0x00004880       0xb4 ./rt-thread/libcpu/arm/cortex-m4/cpuport.o
 .text.hard_fault_track
                0x00004934       0x78 ./rt-thread/libcpu/arm/cortex-m4/cpuport.o
 .text.rt_hw_hard_fault_exception
                0x000049ac      0x184 ./rt-thread/libcpu/arm/cortex-m4/cpuport.o
                0x000049ac                rt_hw_hard_fault_exception
 .text.__rt_ffs
                0x00004b30       0x2a ./rt-thread/libcpu/arm/cortex-m4/cpuport.o
                0x00004b30                __rt_ffs
 .text.__errno  0x00004b5a        0xe ./rt-thread/components/libc/compilers/newlib/syscalls.o
                0x00004b5a                __errno
 .text.rt_list_isempty
                0x00004b68       0x24 ./rt-thread/components/finsh/cmd.o
 .text.rt_list_len
                0x00004b8c       0x36 ./rt-thread/components/finsh/cmd.o
 *fill*         0x00004bc2        0x2 ff
 .text.clear    0x00004bc4       0x14 ./rt-thread/components/finsh/cmd.o
 .text.version  0x00004bd8        0xe ./rt-thread/components/finsh/cmd.o
                0x00004bd8                version
 *fill*         0x00004be6        0x2 ff
 .text.object_split
                0x00004be8       0x28 ./rt-thread/components/finsh/cmd.o
 .text.list_find_init
                0x00004c10       0x46 ./rt-thread/components/finsh/cmd.o
 .text.list_get_next
                0x00004c56       0xc6 ./rt-thread/components/finsh/cmd.o
 .text.list_thread
                0x00004d1c      0x208 ./rt-thread/components/finsh/cmd.o
                0x00004d1c                list_thread
 .text.show_wait_queue
                0x00004f24       0x54 ./rt-thread/components/finsh/cmd.o
 .text.list_sem
                0x00004f78      0x12c ./rt-thread/components/finsh/cmd.o
                0x00004f78                list_sem
 .text.list_event
                0x000050a4      0x118 ./rt-thread/components/finsh/cmd.o
                0x000050a4                list_event
 .text.list_mutex
                0x000051bc       0xe8 ./rt-thread/components/finsh/cmd.o
                0x000051bc                list_mutex
 .text.list_mailbox
                0x000052a4      0x13c ./rt-thread/components/finsh/cmd.o
                0x000052a4                list_mailbox
 .text.list_msgqueue
                0x000053e0      0x12c ./rt-thread/components/finsh/cmd.o
                0x000053e0                list_msgqueue
 .text.list_timer
                0x0000550c      0x128 ./rt-thread/components/finsh/cmd.o
                0x0000550c                list_timer
 .text.list_device
                0x00005634       0xf0 ./rt-thread/components/finsh/cmd.o
                0x00005634                list_device
 .text.msh_help
                0x00005724       0x5c ./rt-thread/components/finsh/msh.o
                0x00005724                msh_help
 .text.cmd_ps   0x00005780       0x18 ./rt-thread/components/finsh/msh.o
                0x00005780                cmd_ps
 .text.cmd_free
                0x00005798       0x5c ./rt-thread/components/finsh/msh.o
                0x00005798                cmd_free
 .text.msh_split
                0x000057f4      0x170 ./rt-thread/components/finsh/msh.o
 .text.msh_get_cmd
                0x00005964       0x64 ./rt-thread/components/finsh/msh.o
 .text._msh_exec_cmd
                0x000059c8       0xd4 ./rt-thread/components/finsh/msh.o
 .text.msh_exec
                0x00005a9c       0x8c ./rt-thread/components/finsh/msh.o
                0x00005a9c                msh_exec
 .text.str_common
                0x00005b28       0x4a ./rt-thread/components/finsh/msh.o
 *fill*         0x00005b72        0x2 ff
 .text.msh_auto_complete
                0x00005b74       0xb0 ./rt-thread/components/finsh/msh.o
                0x00005b74                msh_auto_complete
 .text.finsh_get_prompt
                0x00005c24       0x7c ./rt-thread/components/finsh/shell.o
                0x00005c24                finsh_get_prompt
 .text.finsh_set_prompt_mode
                0x00005ca0       0x48 ./rt-thread/components/finsh/shell.o
                0x00005ca0                finsh_set_prompt_mode
 .text.finsh_getchar
                0x00005ce8       0x90 ./rt-thread/components/finsh/shell.o
                0x00005ce8                finsh_getchar
 .text.finsh_rx_ind
                0x00005d78       0x3c ./rt-thread/components/finsh/shell.o
 .text.finsh_set_device
                0x00005db4       0xd8 ./rt-thread/components/finsh/shell.o
                0x00005db4                finsh_set_device
 .text.shell_auto_complete
                0x00005e8c       0x34 ./rt-thread/components/finsh/shell.o
 .text.shell_handle_history
                0x00005ec0       0x34 ./rt-thread/components/finsh/shell.o
 .text.shell_push_history
                0x00005ef4      0x15e ./rt-thread/components/finsh/shell.o
 *fill*         0x00006052        0x2 ff
 .text.finsh_thread_entry
                0x00006054      0x5cc ./rt-thread/components/finsh/shell.o
                0x00006054                finsh_thread_entry
 .text.finsh_system_function_init
                0x00006620       0x2c ./rt-thread/components/finsh/shell.o
                0x00006620                finsh_system_function_init
 .text.finsh_system_init
                0x0000664c       0x9c ./rt-thread/components/finsh/shell.o
                0x0000664c                finsh_system_init
 .text.rt_serial_get_linear_buffer
                0x000066e8       0x8c ./rt-thread/components/drivers/serial/serial_v2.o
 .text.rt_serial_update_read_index
                0x00006774       0xcc ./rt-thread/components/drivers/serial/serial_v2.o
 .text.rt_serial_update_write_index
                0x00006840       0xe8 ./rt-thread/components/drivers/serial/serial_v2.o
 .text._serial_poll_rx
                0x00006928       0xa4 ./rt-thread/components/drivers/serial/serial_v2.o
                0x00006928                _serial_poll_rx
 .text._serial_poll_tx
                0x000069cc       0x9c ./rt-thread/components/drivers/serial/serial_v2.o
                0x000069cc                _serial_poll_tx
 .text._serial_fifo_rx
                0x00006a68       0xf4 ./rt-thread/components/drivers/serial/serial_v2.o
 .text._serial_fifo_tx_blocking_nbuf
                0x00006b5c       0xb0 ./rt-thread/components/drivers/serial/serial_v2.o
 .text._serial_fifo_tx_blocking_buf
                0x00006c0c      0x118 ./rt-thread/components/drivers/serial/serial_v2.o
 .text._serial_fifo_tx_nonblocking
                0x00006d24       0xd4 ./rt-thread/components/drivers/serial/serial_v2.o
 .text.rt_serial_tx_enable
                0x00006df8      0x1e8 ./rt-thread/components/drivers/serial/serial_v2.o
 .text.rt_serial_rx_enable
                0x00006fe0      0x15c ./rt-thread/components/drivers/serial/serial_v2.o
 .text.rt_serial_rx_disable
                0x0000713c       0xb4 ./rt-thread/components/drivers/serial/serial_v2.o
 .text.rt_serial_tx_disable
                0x000071f0       0xc0 ./rt-thread/components/drivers/serial/serial_v2.o
 .text.rt_serial_init
                0x000072b0       0x5c ./rt-thread/components/drivers/serial/serial_v2.o
 .text.rt_serial_open
                0x0000730c       0xf4 ./rt-thread/components/drivers/serial/serial_v2.o
 .text.rt_serial_close
                0x00007400       0x90 ./rt-thread/components/drivers/serial/serial_v2.o
 .text.rt_serial_control
                0x00007490       0xb8 ./rt-thread/components/drivers/serial/serial_v2.o
 .text.rt_hw_serial_register
                0x00007548       0x94 ./rt-thread/components/drivers/serial/serial_v2.o
                0x00007548                rt_hw_serial_register
 .text.rt_hw_serial_isr
                0x000075dc      0x210 ./rt-thread/components/drivers/serial/serial_v2.o
                0x000075dc                rt_hw_serial_isr
 .text.rt_sensor_cb
                0x000077ec       0x84 ./rt-thread/components/drivers/sensors/sensor.o
                0x000077ec                rt_sensor_cb
 .text.irq_callback
                0x00007870       0x54 ./rt-thread/components/drivers/sensors/sensor.o
 .text.rt_sensor_irq_init
                0x000078c4       0xc4 ./rt-thread/components/drivers/sensors/sensor.o
 .text.local_fetch_data
                0x00007988       0x1a ./rt-thread/components/drivers/sensors/sensor.o
 .text.local_control
                0x000079a2       0x1a ./rt-thread/components/drivers/sensors/sensor.o
 .text.rt_sensor_open
                0x000079bc      0x188 ./rt-thread/components/drivers/sensors/sensor.o
 .text.rt_sensor_close
                0x00007b44      0x168 ./rt-thread/components/drivers/sensors/sensor.o
 .text.rt_sensor_read
                0x00007cac       0xe8 ./rt-thread/components/drivers/sensors/sensor.o
 .text.rt_sensor_control
                0x00007d94      0x16c ./rt-thread/components/drivers/sensors/sensor.o
 .text.rt_hw_sensor_register
                0x00007f00      0x1c0 ./rt-thread/components/drivers/sensors/sensor.o
                0x00007f00                rt_hw_sensor_register
 .text.sensor_show_data
                0x000080c0      0x408 ./rt-thread/components/drivers/sensors/sensor_cmd.o
 .text.rx_callback
                0x000084c8       0x24 ./rt-thread/components/drivers/sensors/sensor_cmd.o
 .text.sensor_fifo_rx_entry
                0x000084ec       0xb0 ./rt-thread/components/drivers/sensors/sensor_cmd.o
 .text.sensor_fifo
                0x0000859c      0x108 ./rt-thread/components/drivers/sensors/sensor_cmd.o
 .text.sensor_irq_rx_entry
                0x000086a4       0x50 ./rt-thread/components/drivers/sensors/sensor_cmd.o
 .text.sensor_int
                0x000086f4      0x108 ./rt-thread/components/drivers/sensors/sensor_cmd.o
 .text.sensor_polling
                0x000087fc      0x10c ./rt-thread/components/drivers/sensors/sensor_cmd.o
 .text.sensor   0x00008908      0x5f0 ./rt-thread/components/drivers/sensors/sensor_cmd.o
 .text._pin_read
                0x00008ef8       0x60 ./rt-thread/components/drivers/misc/pin.o
 .text._pin_write
                0x00008f58       0x5c ./rt-thread/components/drivers/misc/pin.o
 .text._pin_control
                0x00008fb4       0x58 ./rt-thread/components/drivers/misc/pin.o
 .text.rt_device_pin_register
                0x0000900c       0x74 ./rt-thread/components/drivers/misc/pin.o
                0x0000900c                rt_device_pin_register
 .text.rt_pin_attach_irq
                0x00009080       0x5c ./rt-thread/components/drivers/misc/pin.o
                0x00009080                rt_pin_attach_irq
 .text.rt_pin_irq_enable
                0x000090dc       0x50 ./rt-thread/components/drivers/misc/pin.o
                0x000090dc                rt_pin_irq_enable
 .text.rt_pin_mode
                0x0000912c       0x40 ./rt-thread/components/drivers/misc/pin.o
                0x0000912c                rt_pin_mode
 .text.rt_pin_write
                0x0000916c       0x40 ./rt-thread/components/drivers/misc/pin.o
                0x0000916c                rt_pin_write
 .text.rt_pin_read
                0x000091ac       0x3c ./rt-thread/components/drivers/misc/pin.o
                0x000091ac                rt_pin_read
 .text.rt_pin_get
                0x000091e8       0x60 ./rt-thread/components/drivers/misc/pin.o
                0x000091e8                rt_pin_get
 .text.rt_list_init
                0x00009248       0x22 ./rt-thread/components/drivers/ipc/completion.o
 .text.rt_list_insert_before
                0x0000926a       0x32 ./rt-thread/components/drivers/ipc/completion.o
 .text.rt_list_isempty
                0x0000929c       0x24 ./rt-thread/components/drivers/ipc/completion.o
 .text.rt_completion_init
                0x000092c0       0x44 ./rt-thread/components/drivers/ipc/completion.o
                0x000092c0                rt_completion_init
 .text.rt_completion_wait
                0x00009304      0x15c ./rt-thread/components/drivers/ipc/completion.o
                0x00009304                rt_completion_wait
 .text.rt_completion_done
                0x00009460       0x70 ./rt-thread/components/drivers/ipc/completion.o
                0x00009460                rt_completion_done
 .text.rt_ringbuffer_status
                0x000094d0       0x4e ./rt-thread/components/drivers/ipc/ringbuffer.o
 *fill*         0x0000951e        0x2 ff
 .text.rt_ringbuffer_init
                0x00009520       0xa0 ./rt-thread/components/drivers/ipc/ringbuffer.o
                0x00009520                rt_ringbuffer_init
 .text.rt_ringbuffer_put
                0x000095c0      0x16c ./rt-thread/components/drivers/ipc/ringbuffer.o
                0x000095c0                rt_ringbuffer_put
 .text.rt_ringbuffer_get
                0x0000972c      0x15c ./rt-thread/components/drivers/ipc/ringbuffer.o
                0x0000972c                rt_ringbuffer_get
 .text.rt_ringbuffer_putchar
                0x00009888       0xbc ./rt-thread/components/drivers/ipc/ringbuffer.o
                0x00009888                rt_ringbuffer_putchar
 .text.rt_ringbuffer_data_len
                0x00009944       0x66 ./rt-thread/components/drivers/ipc/ringbuffer.o
                0x00009944                rt_ringbuffer_data_len
 .text.i2c_delay
                0x000099aa       0x20 ./rt-thread/components/drivers/i2c/i2c-bit-ops.o
 .text.i2c_delay2
                0x000099ca       0x1c ./rt-thread/components/drivers/i2c/i2c-bit-ops.o
 .text.SCL_H    0x000099e6       0x72 ./rt-thread/components/drivers/i2c/i2c-bit-ops.o
 .text.i2c_start
                0x00009a58       0x32 ./rt-thread/components/drivers/i2c/i2c-bit-ops.o
 .text.i2c_restart
                0x00009a8a       0x4c ./rt-thread/components/drivers/i2c/i2c-bit-ops.o
 .text.i2c_stop
                0x00009ad6       0x44 ./rt-thread/components/drivers/i2c/i2c-bit-ops.o
 *fill*         0x00009b1a        0x2 ff
 .text.i2c_waitack
                0x00009b1c       0x80 ./rt-thread/components/drivers/i2c/i2c-bit-ops.o
 .text.i2c_writeb
                0x00009b9c       0x8c ./rt-thread/components/drivers/i2c/i2c-bit-ops.o
 .text.i2c_readb
                0x00009c28       0x88 ./rt-thread/components/drivers/i2c/i2c-bit-ops.o
 .text.i2c_send_bytes
                0x00009cb0       0x98 ./rt-thread/components/drivers/i2c/i2c-bit-ops.o
 .text.i2c_send_ack_or_nack
                0x00009d48       0x74 ./rt-thread/components/drivers/i2c/i2c-bit-ops.o
 .text.i2c_recv_bytes
                0x00009dbc       0x7c ./rt-thread/components/drivers/i2c/i2c-bit-ops.o
 .text.i2c_send_address
                0x00009e38       0x62 ./rt-thread/components/drivers/i2c/i2c-bit-ops.o
 *fill*         0x00009e9a        0x2 ff
 .text.i2c_bit_send_address
                0x00009e9c      0x164 ./rt-thread/components/drivers/i2c/i2c-bit-ops.o
 .text.i2c_bit_xfer
                0x0000a000      0x106 ./rt-thread/components/drivers/i2c/i2c-bit-ops.o
 *fill*         0x0000a106        0x2 ff
 .text.rt_i2c_bit_add_bus
                0x0000a108       0x28 ./rt-thread/components/drivers/i2c/i2c-bit-ops.o
                0x0000a108                rt_i2c_bit_add_bus
 .text.rt_i2c_bus_device_register
                0x0000a130       0x64 ./rt-thread/components/drivers/i2c/i2c_core.o
                0x0000a130                rt_i2c_bus_device_register
 .text.rt_i2c_transfer
                0x0000a194       0x6c ./rt-thread/components/drivers/i2c/i2c_core.o
                0x0000a194                rt_i2c_transfer
 .text.rt_i2c_control
                0x0000a200       0x54 ./rt-thread/components/drivers/i2c/i2c_core.o
                0x0000a200                rt_i2c_control
 .text.rt_i2c_master_send
                0x0000a254       0x4a ./rt-thread/components/drivers/i2c/i2c_core.o
                0x0000a254                rt_i2c_master_send
 *fill*         0x0000a29e        0x2 ff
 .text.rt_i2c_master_recv
                0x0000a2a0       0x68 ./rt-thread/components/drivers/i2c/i2c_core.o
                0x0000a2a0                rt_i2c_master_recv
 .text.rt_i2c_core_init
                0x0000a308       0x10 ./rt-thread/components/drivers/i2c/i2c_core.o
                0x0000a308                rt_i2c_core_init
 .text.i2c_bus_device_read
                0x0000a318       0x64 ./rt-thread/components/drivers/i2c/i2c_dev.o
 .text.i2c_bus_device_write
                0x0000a37c       0x64 ./rt-thread/components/drivers/i2c/i2c_dev.o
 .text.i2c_bus_device_control
                0x0000a3e0       0xc4 ./rt-thread/components/drivers/i2c/i2c_dev.o
 .text.rt_i2c_bus_device_device_init
                0x0000a4a4       0x78 ./rt-thread/components/drivers/i2c/i2c_dev.o
                0x0000a4a4                rt_i2c_bus_device_device_init
 .text.main     0x0000a51c        0xe ./ra_gen/main.o
                0x0000a51c                main
 .text.R_FSP_CurrentIrqGet
                0x0000a52a       0x2c ./ra/fsp/src/r_sci_uart/r_sci_uart.o
 *fill*         0x0000a556        0x2 ff
 .text.R_FSP_IsrContextSet
                0x0000a558       0x28 ./ra/fsp/src/r_sci_uart/r_sci_uart.o
 .text.R_BSP_IrqStatusClear
                0x0000a580       0x30 ./ra/fsp/src/r_sci_uart/r_sci_uart.o
 .text.R_BSP_IrqClearPending
                0x0000a5b0       0x40 ./ra/fsp/src/r_sci_uart/r_sci_uart.o
 .text.R_BSP_IrqCfg
                0x0000a5f0       0x3c ./ra/fsp/src/r_sci_uart/r_sci_uart.o
 .text.R_BSP_IrqEnableNoClear
                0x0000a62c       0x38 ./ra/fsp/src/r_sci_uart/r_sci_uart.o
 .text.R_BSP_IrqEnable
                0x0000a664       0x26 ./ra/fsp/src/r_sci_uart/r_sci_uart.o
 *fill*         0x0000a68a        0x2 ff
 .text.R_BSP_IrqDisable
                0x0000a68c       0x48 ./ra/fsp/src/r_sci_uart/r_sci_uart.o
 .text.R_FSP_IsrContextGet
                0x0000a6d4       0x24 ./ra/fsp/src/r_sci_uart/r_sci_uart.o
 .text.R_SCI_UART_Open
                0x0000a6f8      0x1ac ./ra/fsp/src/r_sci_uart/r_sci_uart.o
                0x0000a6f8                R_SCI_UART_Open
 .text.r_sci_uart_config_set
                0x0000a8a4      0x120 ./ra/fsp/src/r_sci_uart/r_sci_uart.o
 .text.r_sci_irq_cfg
                0x0000a9c4       0x3a ./ra/fsp/src/r_sci_uart/r_sci_uart.o
 .text.r_sci_irqs_cfg
                0x0000a9fe       0x5a ./ra/fsp/src/r_sci_uart/r_sci_uart.o
 .text.r_sci_uart_baud_set
                0x0000aa58       0x58 ./ra/fsp/src/r_sci_uart/r_sci_uart.o
 .text.r_sci_uart_call_callback
                0x0000aab0       0x76 ./ra/fsp/src/r_sci_uart/r_sci_uart.o
 .text.sci_uart_txi_isr
                0x0000ab26       0xd0 ./ra/fsp/src/r_sci_uart/r_sci_uart.o
                0x0000ab26                sci_uart_txi_isr
 .text.sci_uart_rxi_isr
                0x0000abf6       0xbc ./ra/fsp/src/r_sci_uart/r_sci_uart.o
                0x0000abf6                sci_uart_rxi_isr
 .text.sci_uart_tei_isr
                0x0000acb2       0x4a ./ra/fsp/src/r_sci_uart/r_sci_uart.o
                0x0000acb2                sci_uart_tei_isr
 .text.sci_uart_eri_isr
                0x0000acfc       0xa8 ./ra/fsp/src/r_sci_uart/r_sci_uart.o
                0x0000acfc                sci_uart_eri_isr
 .text.R_BSP_PinRead
                0x0000ada4       0x38 ./ra/fsp/src/r_ioport/r_ioport.o
 .text.R_BSP_PinAccessEnable
                0x0000addc       0x60 ./ra/fsp/src/r_ioport/r_ioport.o
 .text.R_BSP_PinAccessDisable
                0x0000ae3c       0x68 ./ra/fsp/src/r_ioport/r_ioport.o
 .text.R_IOPORT_Open
                0x0000aea4       0x28 ./ra/fsp/src/r_ioport/r_ioport.o
                0x0000aea4                R_IOPORT_Open
 .text.R_IOPORT_Close
                0x0000aecc       0x20 ./ra/fsp/src/r_ioport/r_ioport.o
                0x0000aecc                R_IOPORT_Close
 .text.R_IOPORT_PinsCfg
                0x0000aeec       0x1a ./ra/fsp/src/r_ioport/r_ioport.o
                0x0000aeec                R_IOPORT_PinsCfg
 .text.R_IOPORT_PinCfg
                0x0000af06       0x46 ./ra/fsp/src/r_ioport/r_ioport.o
                0x0000af06                R_IOPORT_PinCfg
 .text.R_IOPORT_PinRead
                0x0000af4c       0x28 ./ra/fsp/src/r_ioport/r_ioport.o
                0x0000af4c                R_IOPORT_PinRead
 .text.R_IOPORT_PortRead
                0x0000af74       0x3a ./ra/fsp/src/r_ioport/r_ioport.o
                0x0000af74                R_IOPORT_PortRead
 .text.R_IOPORT_PortWrite
                0x0000afae       0x62 ./ra/fsp/src/r_ioport/r_ioport.o
                0x0000afae                R_IOPORT_PortWrite
 .text.R_IOPORT_PinWrite
                0x0000b010       0x6e ./ra/fsp/src/r_ioport/r_ioport.o
                0x0000b010                R_IOPORT_PinWrite
 .text.R_IOPORT_PortDirectionSet
                0x0000b07e       0x72 ./ra/fsp/src/r_ioport/r_ioport.o
                0x0000b07e                R_IOPORT_PortDirectionSet
 .text.R_IOPORT_PortEventInputRead
                0x0000b0f0       0x3e ./ra/fsp/src/r_ioport/r_ioport.o
                0x0000b0f0                R_IOPORT_PortEventInputRead
 .text.R_IOPORT_PinEventInputRead
                0x0000b12e       0x62 ./ra/fsp/src/r_ioport/r_ioport.o
                0x0000b12e                R_IOPORT_PinEventInputRead
 .text.R_IOPORT_PortEventOutputWrite
                0x0000b190       0x62 ./ra/fsp/src/r_ioport/r_ioport.o
                0x0000b190                R_IOPORT_PortEventOutputWrite
 .text.R_IOPORT_PinEventOutputWrite
                0x0000b1f2       0x5e ./ra/fsp/src/r_ioport/r_ioport.o
                0x0000b1f2                R_IOPORT_PinEventOutputWrite
 .text.R_IOPORT_EthernetModeCfg
                0x0000b250       0x28 ./ra/fsp/src/r_ioport/r_ioport.o
                0x0000b250                R_IOPORT_EthernetModeCfg
 .text.r_ioport_pins_config
                0x0000b278       0x56 ./ra/fsp/src/r_ioport/r_ioport.o
 .text.r_ioport_hw_pin_event_output_data_write
                0x0000b2ce       0x88 ./ra/fsp/src/r_ioport/r_ioport.o
 *fill*         0x0000b356        0x2 ff
 .text.r_ioport_pfs_write
                0x0000b358       0x78 ./ra/fsp/src/r_ioport/r_ioport.o
 .text.bsp_vbatt_init
                0x0000b3d0       0xd8 ./ra/fsp/src/r_ioport/r_ioport.o
 .text.R_FSP_CurrentIrqGet
                0x0000b4a8       0x2c ./ra/fsp/src/r_icu/r_icu.o
 .text.R_FSP_IsrContextSet
                0x0000b4d4       0x28 ./ra/fsp/src/r_icu/r_icu.o
 .text.R_BSP_IrqStatusClear
                0x0000b4fc       0x30 ./ra/fsp/src/r_icu/r_icu.o
 .text.R_BSP_IrqClearPending
                0x0000b52c       0x40 ./ra/fsp/src/r_icu/r_icu.o
 .text.R_BSP_IrqCfg
                0x0000b56c       0x3c ./ra/fsp/src/r_icu/r_icu.o
 .text.R_BSP_IrqEnableNoClear
                0x0000b5a8       0x38 ./ra/fsp/src/r_icu/r_icu.o
 .text.R_BSP_IrqEnable
                0x0000b5e0       0x26 ./ra/fsp/src/r_icu/r_icu.o
 *fill*         0x0000b606        0x2 ff
 .text.R_BSP_IrqDisable
                0x0000b608       0x48 ./ra/fsp/src/r_icu/r_icu.o
 .text.R_FSP_IsrContextGet
                0x0000b650       0x24 ./ra/fsp/src/r_icu/r_icu.o
 .text.R_ICU_ExternalIrqOpen
                0x0000b674       0xcc ./ra/fsp/src/r_icu/r_icu.o
                0x0000b674                R_ICU_ExternalIrqOpen
 .text.R_ICU_ExternalIrqEnable
                0x0000b740       0x22 ./ra/fsp/src/r_icu/r_icu.o
                0x0000b740                R_ICU_ExternalIrqEnable
 .text.R_ICU_ExternalIrqDisable
                0x0000b762       0x22 ./ra/fsp/src/r_icu/r_icu.o
                0x0000b762                R_ICU_ExternalIrqDisable
 .text.R_ICU_ExternalIrqClose
                0x0000b784       0x40 ./ra/fsp/src/r_icu/r_icu.o
                0x0000b784                R_ICU_ExternalIrqClose
 .text.r_icu_isr
                0x0000b7c4       0x80 ./ra/fsp/src/r_icu/r_icu.o
                0x0000b7c4                r_icu_isr
 .text.R_BSP_FlashCacheEnable
                0x0000b844       0x40 ./ra/fsp/src/bsp/mcu/all/bsp_clocks.o
 .text.SystemCoreClockUpdate
                0x0000b884       0x40 ./ra/fsp/src/bsp/mcu/all/bsp_clocks.o
                0x0000b884                SystemCoreClockUpdate
 .text.bsp_prv_clock_set_hard_reset
                0x0000b8c4       0x30 ./ra/fsp/src/bsp/mcu/all/bsp_clocks.o
 .text.bsp_clock_freq_var_init
                0x0000b8f4       0x48 ./ra/fsp/src/bsp/mcu/all/bsp_clocks.o
 .text.bsp_clock_init
                0x0000b93c       0xa4 ./ra/fsp/src/bsp/mcu/all/bsp_clocks.o
                0x0000b93c                bsp_clock_init
 .text.bsp_init_internal
                0x0000b9e0       0x14 ./ra/fsp/src/bsp/mcu/all/bsp_common.o
                0x0000b9e0                bsp_init_internal
                0x0000b9e0                bsp_init
 .text.bsp_group_irq_call
                0x0000b9f4       0x30 ./ra/fsp/src/bsp/mcu/all/bsp_group_irq.o
 .text.NMI_Handler
                0x0000ba24       0x4c ./ra/fsp/src/bsp/mcu/all/bsp_group_irq.o
                0x0000ba24                NMI_Handler
 .text.bsp_irq_cfg
                0x0000ba70      0x104 ./ra/fsp/src/bsp/mcu/all/bsp_irq.o
                0x0000ba70                bsp_irq_cfg
 .text.R_BSP_RegisterProtectEnable
                0x0000bb74       0xa0 ./ra/fsp/src/bsp/mcu/all/bsp_register_protection.o
                0x0000bb74                R_BSP_RegisterProtectEnable
 .text.R_BSP_RegisterProtectDisable
                0x0000bc14       0x90 ./ra/fsp/src/bsp/mcu/all/bsp_register_protection.o
                0x0000bc14                R_BSP_RegisterProtectDisable
 .text.Reset_Handler
                0x0000bca4        0xe ./ra/fsp/src/bsp/cmsis/Device/RENESAS/Source/startup.o
                0x0000bca4                Reset_Handler
 .text.Default_Handler
                0x0000bcb2       0x10 ./ra/fsp/src/bsp/cmsis/Device/RENESAS/Source/startup.o
                0x0000bcb2                UsageFault_Handler
                0x0000bcb2                SecureFault_Handler
                0x0000bcb2                Default_Handler
                0x0000bcb2                MemManage_Handler
                0x0000bcb2                SVC_Handler
                0x0000bcb2                BusFault_Handler
                0x0000bcb2                DebugMon_Handler
 *fill*         0x0000bcc2        0x2 ff
 .text.SystemInit
                0x0000bcc4       0xf0 ./ra/fsp/src/bsp/cmsis/Device/RENESAS/Source/system.o
                0x0000bcc4                SystemInit
 .text.mpu6xxx_write_reg
                0x0000bdb4       0x68 ./packages/mpu6xxx-latest/src/mpu6xxx.o
 .text.mpu6xxx_read_regs
                0x0000be1c       0x7e ./packages/mpu6xxx-latest/src/mpu6xxx.o
 .text.mpu6xxx_write_bit
                0x0000be9a       0x80 ./packages/mpu6xxx-latest/src/mpu6xxx.o
 .text.mpu6xxx_read_bit
                0x0000bf1a       0x4e ./packages/mpu6xxx-latest/src/mpu6xxx.o
 .text.mpu6xxx_write_bits
                0x0000bf68       0x98 ./packages/mpu6xxx-latest/src/mpu6xxx.o
 .text.mpu6xxx_read_bits
                0x0000c000       0x7a ./packages/mpu6xxx-latest/src/mpu6xxx.o
 .text.mpu92_mag_write_reg
                0x0000c07a       0x74 ./packages/mpu6xxx-latest/src/mpu6xxx.o
 .text.mpu6xxx_get_accel_raw
                0x0000c0ee       0x70 ./packages/mpu6xxx-latest/src/mpu6xxx.o
 .text.mpu6xxx_get_gyro_raw
                0x0000c15e       0x70 ./packages/mpu6xxx-latest/src/mpu6xxx.o
 .text.mpu6xxx_get_mag_raw
                0x0000c1ce       0x70 ./packages/mpu6xxx-latest/src/mpu6xxx.o
 .text.mpu6xxx_get_temp_raw
                0x0000c23e       0x44 ./packages/mpu6xxx-latest/src/mpu6xxx.o
 *fill*         0x0000c282        0x2 ff
 .text.mpu6xxx_get_param
                0x0000c284      0x140 ./packages/mpu6xxx-latest/src/mpu6xxx.o
 .text.mpu6xxx_set_param
                0x0000c3c4      0x150 ./packages/mpu6xxx-latest/src/mpu6xxx.o
                0x0000c3c4                mpu6xxx_set_param
 .text.mpu6xxx_get_accel
                0x0000c514       0x88 ./packages/mpu6xxx-latest/src/mpu6xxx.o
                0x0000c514                mpu6xxx_get_accel
 .text.mpu6xxx_get_gyro
                0x0000c59c       0x82 ./packages/mpu6xxx-latest/src/mpu6xxx.o
                0x0000c59c                mpu6xxx_get_gyro
 *fill*         0x0000c61e        0x2 ff
 .text.mpu6xxx_get_mag
                0x0000c620       0x98 ./packages/mpu6xxx-latest/src/mpu6xxx.o
                0x0000c620                mpu6xxx_get_mag
 .text.mpu6xxx_get_temp
                0x0000c6b8       0xbc ./packages/mpu6xxx-latest/src/mpu6xxx.o
                0x0000c6b8                mpu6xxx_get_temp
 .text.mpu6xxx_init
                0x0000c774      0x394 ./packages/mpu6xxx-latest/src/mpu6xxx.o
                0x0000c774                mpu6xxx_init
 .text.mpu6xxx_deinit
                0x0000cb08       0x30 ./packages/mpu6xxx-latest/src/mpu6xxx.o
                0x0000cb08                mpu6xxx_deinit
 .text.mpu6xxx  0x0000cb38      0x348 ./packages/mpu6xxx-latest/src/mpu6xxx.o
 .text._mpu6xxx_init
                0x0000ce80       0x26 ./packages/mpu6xxx-latest/src/sensor_inven_mpu6xxx.o
 *fill*         0x0000cea6        0x2 ff
 .text._mpu6xxx_set_range
                0x0000cea8       0xb8 ./packages/mpu6xxx-latest/src/sensor_inven_mpu6xxx.o
 .text._mpu6xxx_acc_set_mode
                0x0000cf60       0x26 ./packages/mpu6xxx-latest/src/sensor_inven_mpu6xxx.o
 *fill*         0x0000cf86        0x2 ff
 .text._mpu6xxx_set_power
                0x0000cf88       0x9c ./packages/mpu6xxx-latest/src/sensor_inven_mpu6xxx.o
 .text._mpu6xxx_polling_get_data
                0x0000d024      0x13e ./packages/mpu6xxx-latest/src/sensor_inven_mpu6xxx.o
 *fill*         0x0000d162        0x2 ff
 .text.mpu6xxx_fetch_data
                0x0000d164       0x44 ./packages/mpu6xxx-latest/src/sensor_inven_mpu6xxx.o
 .text.mpu6xxx_control
                0x0000d1a8       0x8c ./packages/mpu6xxx-latest/src/sensor_inven_mpu6xxx.o
 .text.rt_hw_mpu6xxx_init
                0x0000d234      0x290 ./packages/mpu6xxx-latest/src/sensor_inven_mpu6xxx.o
                0x0000d234                rt_hw_mpu6xxx_init
 .text.__NVIC_SetPriority
                0x0000d4c4       0x54 ./libraries/HAL_Drivers/drv_common.o
 .text.__NVIC_SystemReset
                0x0000d518       0x2c ./libraries/HAL_Drivers/drv_common.o
 .text.SysTick_Config
                0x0000d544       0x44 ./libraries/HAL_Drivers/drv_common.o
 .text.reboot   0x0000d588       0x10 ./libraries/HAL_Drivers/drv_common.o
 .text.rt_hw_systick_init
                0x0000d598       0x2c ./libraries/HAL_Drivers/drv_common.o
                0x0000d598                rt_hw_systick_init
 .text.SysTick_Handler
                0x0000d5c4       0x14 ./libraries/HAL_Drivers/drv_common.o
                0x0000d5c4                SysTick_Handler
 .text.rt_hw_board_init
                0x0000d5d8       0x34 ./libraries/HAL_Drivers/drv_common.o
                0x0000d5d8                rt_hw_board_init
 .text.R_BSP_WarmStart
                0x0000d60c       0x2c ./libraries/HAL_Drivers/drv_common.o
                0x0000d60c                R_BSP_WarmStart
 .text.R_BSP_PinRead
                0x0000d638       0x38 ./libraries/HAL_Drivers/drv_gpio.o
 .text.R_BSP_PinWrite
                0x0000d670       0x68 ./libraries/HAL_Drivers/drv_gpio.o
 .text.R_BSP_PinAccessEnable
                0x0000d6d8       0x60 ./libraries/HAL_Drivers/drv_gpio.o
 .text.R_BSP_PinAccessDisable
                0x0000d738       0x68 ./libraries/HAL_Drivers/drv_gpio.o
 .text.ra_pin_get_irqx
                0x0000d7a0      0x280 ./libraries/HAL_Drivers/drv_gpio.o
 .text.ra_irq_tab_init
                0x0000da20       0x7c ./libraries/HAL_Drivers/drv_gpio.o
 .text.ra_pin_map_init
                0x0000da9c       0x28 ./libraries/HAL_Drivers/drv_gpio.o
 .text.ra_pin_mode
                0x0000dac4       0xf8 ./libraries/HAL_Drivers/drv_gpio.o
 .text.ra_pin_write
                0x0000dbbc       0x3a ./libraries/HAL_Drivers/drv_gpio.o
 *fill*         0x0000dbf6        0x2 ff
 .text.ra_pin_read
                0x0000dbf8       0x50 ./libraries/HAL_Drivers/drv_gpio.o
 .text.ra_pin_irq_enable
                0x0000dc48      0x120 ./libraries/HAL_Drivers/drv_gpio.o
 .text.ra_pin_attach_irq
                0x0000dd68      0x12c ./libraries/HAL_Drivers/drv_gpio.o
 .text.ra_pin_dettach_irq
                0x0000de94       0xb4 ./libraries/HAL_Drivers/drv_gpio.o
 .text.ra_pin_get
                0x0000df48       0xce ./libraries/HAL_Drivers/drv_gpio.o
 *fill*         0x0000e016        0x2 ff
 .text.rt_hw_pin_init
                0x0000e018       0x24 ./libraries/HAL_Drivers/drv_gpio.o
                0x0000e018                rt_hw_pin_init
 .text.irq0_callback
                0x0000e03c       0x34 ./libraries/HAL_Drivers/drv_gpio.o
                0x0000e03c                irq0_callback
 .text.ra_i2c_gpio_init
                0x0000e070       0x46 ./libraries/HAL_Drivers/drv_soft_i2c.o
 .text.ra_set_sda
                0x0000e0b6       0x36 ./libraries/HAL_Drivers/drv_soft_i2c.o
 .text.ra_set_scl
                0x0000e0ec       0x36 ./libraries/HAL_Drivers/drv_soft_i2c.o
 .text.ra_get_sda
                0x0000e122       0x20 ./libraries/HAL_Drivers/drv_soft_i2c.o
 .text.ra_get_scl
                0x0000e142       0x20 ./libraries/HAL_Drivers/drv_soft_i2c.o
 *fill*         0x0000e162        0x2 ff
 .text.ra_udelay
                0x0000e164       0x84 ./libraries/HAL_Drivers/drv_soft_i2c.o
 .text.ra_i2c_bus_unlock
                0x0000e1e8       0x6c ./libraries/HAL_Drivers/drv_soft_i2c.o
 .text.rt_hw_i2c_init
                0x0000e254       0xe8 ./libraries/HAL_Drivers/drv_soft_i2c.o
                0x0000e254                rt_hw_i2c_init
 .text.ra_uart_get_config
                0x0000e33c       0x50 ./libraries/HAL_Drivers/drv_usart_v2.o
 .text.ra_uart_configure
                0x0000e38c       0x7c ./libraries/HAL_Drivers/drv_usart_v2.o
 .text.ra_uart_control
                0x0000e408       0x1a ./libraries/HAL_Drivers/drv_usart_v2.o
 *fill*         0x0000e422        0x2 ff
 .text.ra_uart_putc
                0x0000e424       0x68 ./libraries/HAL_Drivers/drv_usart_v2.o
 .text.ra_uart_getc
                0x0000e48c       0x16 ./libraries/HAL_Drivers/drv_usart_v2.o
 *fill*         0x0000e4a2        0x2 ff
 .text.user_uart7_callback
                0x0000e4a4       0x78 ./libraries/HAL_Drivers/drv_usart_v2.o
                0x0000e4a4                user_uart7_callback
 .text.rt_hw_usart_init
                0x0000e51c       0xb8 ./libraries/HAL_Drivers/drv_usart_v2.o
                0x0000e51c                rt_hw_usart_init
 .text.atoi     0x0000e5d4        0x8 d:/rt-threadstudio/repo/extract/toolchain_support_packages/arm/gnu_tools_for_arm_embedded_processors/10.2.1/bin/../lib/gcc/arm-none-eabi/10.2.1/../../../../arm-none-eabi/lib/thumb/v8-m.main+fp/hard\libc.a(lib_a-atoi.o)
                0x0000e5d4                atoi
 .text.memcmp   0x0000e5dc       0x60 d:/rt-threadstudio/repo/extract/toolchain_support_packages/arm/gnu_tools_for_arm_embedded_processors/10.2.1/bin/../lib/gcc/arm-none-eabi/10.2.1/../../../../arm-none-eabi/lib/thumb/v8-m.main+fp/hard\libc.a(lib_a-memcmp.o)
                0x0000e5dc                memcmp
 .text          0x0000e63c       0xec d:/rt-threadstudio/repo/extract/toolchain_support_packages/arm/gnu_tools_for_arm_embedded_processors/10.2.1/bin/../lib/gcc/arm-none-eabi/10.2.1/../../../../arm-none-eabi/lib/thumb/v8-m.main+fp/hard\libc.a(lib_a-memcpy.o)
                0x0000e63c                memcpy
 .text.memset   0x0000e728       0xa4 d:/rt-threadstudio/repo/extract/toolchain_support_packages/arm/gnu_tools_for_arm_embedded_processors/10.2.1/bin/../lib/gcc/arm-none-eabi/10.2.1/../../../../arm-none-eabi/lib/thumb/v8-m.main+fp/hard\libc.a(lib_a-memset.o)
                0x0000e728                memset
 .text.strcat   0x0000e7cc       0x40 d:/rt-threadstudio/repo/extract/toolchain_support_packages/arm/gnu_tools_for_arm_embedded_processors/10.2.1/bin/../lib/gcc/arm-none-eabi/10.2.1/../../../../arm-none-eabi/lib/thumb/v8-m.main+fp/hard\libc.a(lib_a-strcat.o)
                0x0000e7cc                strcat
 .text          0x0000e80c      0x1bc d:/rt-threadstudio/repo/extract/toolchain_support_packages/arm/gnu_tools_for_arm_embedded_processors/10.2.1/bin/../lib/gcc/arm-none-eabi/10.2.1/../../../../arm-none-eabi/lib/thumb/v8-m.main+fp/hard\libc.a(lib_a-strcmp.o)
                0x0000e80c                strcmp
 .text.strcpy   0x0000e9c8       0xbc d:/rt-threadstudio/repo/extract/toolchain_support_packages/arm/gnu_tools_for_arm_embedded_processors/10.2.1/bin/../lib/gcc/arm-none-eabi/10.2.1/../../../../arm-none-eabi/lib/thumb/v8-m.main+fp/hard\libc.a(lib_a-strcpy.o)
                0x0000e9c8                strcpy
 .text.strlen   0x0000ea84       0x5c d:/rt-threadstudio/repo/extract/toolchain_support_packages/arm/gnu_tools_for_arm_embedded_processors/10.2.1/bin/../lib/gcc/arm-none-eabi/10.2.1/../../../../arm-none-eabi/lib/thumb/v8-m.main+fp/hard\libc.a(lib_a-strlen-stub.o)
                0x0000ea84                strlen
 .text.strncmp  0x0000eae0       0x78 d:/rt-threadstudio/repo/extract/toolchain_support_packages/arm/gnu_tools_for_arm_embedded_processors/10.2.1/bin/../lib/gcc/arm-none-eabi/10.2.1/../../../../arm-none-eabi/lib/thumb/v8-m.main+fp/hard\libc.a(lib_a-strncmp.o)
                0x0000eae0                strncmp
 .text.strncpy  0x0000eb58       0x64 d:/rt-threadstudio/repo/extract/toolchain_support_packages/arm/gnu_tools_for_arm_embedded_processors/10.2.1/bin/../lib/gcc/arm-none-eabi/10.2.1/../../../../arm-none-eabi/lib/thumb/v8-m.main+fp/hard\libc.a(lib_a-strncpy.o)
                0x0000eb58                strncpy
 .text._strtol_l.part.0
                0x0000ebbc      0x104 d:/rt-threadstudio/repo/extract/toolchain_support_packages/arm/gnu_tools_for_arm_embedded_processors/10.2.1/bin/../lib/gcc/arm-none-eabi/10.2.1/../../../../arm-none-eabi/lib/thumb/v8-m.main+fp/hard\libc.a(lib_a-strtol.o)
 .text.strtol   0x0000ecc0       0x2c d:/rt-threadstudio/repo/extract/toolchain_support_packages/arm/gnu_tools_for_arm_embedded_processors/10.2.1/bin/../lib/gcc/arm-none-eabi/10.2.1/../../../../arm-none-eabi/lib/thumb/v8-m.main+fp/hard\libc.a(lib_a-strtol.o)
                0x0000ecc0                strtol
 .text.startup.register_fini
                0x0000ecec       0x14 d:/rt-threadstudio/repo/extract/toolchain_support_packages/arm/gnu_tools_for_arm_embedded_processors/10.2.1/bin/../lib/gcc/arm-none-eabi/10.2.1/../../../../arm-none-eabi/lib/thumb/v8-m.main+fp/hard\libc.a(lib_a-__call_atexit.o)
 .text.atexit   0x0000ed00        0xc d:/rt-threadstudio/repo/extract/toolchain_support_packages/arm/gnu_tools_for_arm_embedded_processors/10.2.1/bin/../lib/gcc/arm-none-eabi/10.2.1/../../../../arm-none-eabi/lib/thumb/v8-m.main+fp/hard\libc.a(lib_a-atexit.o)
                0x0000ed00                atexit
 .text.__libc_fini_array
                0x0000ed0c       0x2c d:/rt-threadstudio/repo/extract/toolchain_support_packages/arm/gnu_tools_for_arm_embedded_processors/10.2.1/bin/../lib/gcc/arm-none-eabi/10.2.1/../../../../arm-none-eabi/lib/thumb/v8-m.main+fp/hard\libc.a(lib_a-fini.o)
                0x0000ed0c                __libc_fini_array
 .text.__retarget_lock_acquire_recursive
                0x0000ed38        0x4 d:/rt-threadstudio/repo/extract/toolchain_support_packages/arm/gnu_tools_for_arm_embedded_processors/10.2.1/bin/../lib/gcc/arm-none-eabi/10.2.1/../../../../arm-none-eabi/lib/thumb/v8-m.main+fp/hard\libc.a(lib_a-lock.o)
                0x0000ed38                __retarget_lock_acquire_recursive
 .text.__retarget_lock_release_recursive
                0x0000ed3c        0x4 d:/rt-threadstudio/repo/extract/toolchain_support_packages/arm/gnu_tools_for_arm_embedded_processors/10.2.1/bin/../lib/gcc/arm-none-eabi/10.2.1/../../../../arm-none-eabi/lib/thumb/v8-m.main+fp/hard\libc.a(lib_a-lock.o)
                0x0000ed3c                __retarget_lock_release_recursive
 .text.__register_exitproc
                0x0000ed40       0x90 d:/rt-threadstudio/repo/extract/toolchain_support_packages/arm/gnu_tools_for_arm_embedded_processors/10.2.1/bin/../lib/gcc/arm-none-eabi/10.2.1/../../../../arm-none-eabi/lib/thumb/v8-m.main+fp/hard\libc.a(lib_a-__atexit.o)
                0x0000ed40                __register_exitproc
 .text          0x0000edd0      0x378 d:/rt-threadstudio/repo/extract/toolchain_support_packages/arm/gnu_tools_for_arm_embedded_processors/10.2.1/bin/../lib/gcc/arm-none-eabi/10.2.1/thumb/v8-m.main+fp/hard\libgcc.a(_arm_addsubdf3.o)
                0x0000edd0                __aeabi_drsub
                0x0000edd8                __aeabi_dsub
                0x0000edd8                __subdf3
                0x0000eddc                __aeabi_dadd
                0x0000eddc                __adddf3
                0x0000f054                __floatunsidf
                0x0000f054                __aeabi_ui2d
                0x0000f074                __floatsidf
                0x0000f074                __aeabi_i2d
                0x0000f098                __aeabi_f2d
                0x0000f098                __extendsfdf2
                0x0000f0dc                __floatundidf
                0x0000f0dc                __aeabi_ul2d
                0x0000f0ec                __floatdidf
                0x0000f0ec                __aeabi_l2d
 .text          0x0000f148      0x424 d:/rt-threadstudio/repo/extract/toolchain_support_packages/arm/gnu_tools_for_arm_embedded_processors/10.2.1/bin/../lib/gcc/arm-none-eabi/10.2.1/thumb/v8-m.main+fp/hard\libgcc.a(_arm_muldivdf3.o)
                0x0000f148                __aeabi_dmul
                0x0000f148                __muldf3
                0x0000f39c                __divdf3
                0x0000f39c                __aeabi_ddiv
 .text          0x0000f56c       0xa0 d:/rt-threadstudio/repo/extract/toolchain_support_packages/arm/gnu_tools_for_arm_embedded_processors/10.2.1/bin/../lib/gcc/arm-none-eabi/10.2.1/thumb/v8-m.main+fp/hard\libgcc.a(_arm_truncdfsf2.o)
                0x0000f56c                __truncdfsf2
                0x0000f56c                __aeabi_d2f
 *(.version)
 .version       0x0000f60c       0x50 ./ra/fsp/src/bsp/mcu/all/bsp_common.o
 *(.init)
 .init          0x0000f65c        0x4 d:/rt-threadstudio/repo/extract/toolchain_support_packages/arm/gnu_tools_for_arm_embedded_processors/10.2.1/bin/../lib/gcc/arm-none-eabi/10.2.1/thumb/v8-m.main+fp/hard/crti.o
                0x0000f65c                _init
 .init          0x0000f660        0x8 d:/rt-threadstudio/repo/extract/toolchain_support_packages/arm/gnu_tools_for_arm_embedded_processors/10.2.1/bin/../lib/gcc/arm-none-eabi/10.2.1/thumb/v8-m.main+fp/hard/crtn.o
 *(.fini)
 .fini          0x0000f668        0x4 d:/rt-threadstudio/repo/extract/toolchain_support_packages/arm/gnu_tools_for_arm_embedded_processors/10.2.1/bin/../lib/gcc/arm-none-eabi/10.2.1/thumb/v8-m.main+fp/hard/crti.o
                0x0000f668                _fini
 .fini          0x0000f66c        0x8 d:/rt-threadstudio/repo/extract/toolchain_support_packages/arm/gnu_tools_for_arm_embedded_processors/10.2.1/bin/../lib/gcc/arm-none-eabi/10.2.1/thumb/v8-m.main+fp/hard/crtn.o
                0x0000f674                . = ALIGN (0x4)
                0x0000f674                __fsymtab_start = .
 *(FSymTab)
 FSymTab        0x0000f674        0xc ./src/hal_entry.o
                0x0000f674                __fsym_icu_sample
 FSymTab        0x0000f680       0x78 ./rt-thread/components/finsh/cmd.o
                0x0000f680                __fsym_clear
                0x0000f68c                __fsym_version
                0x0000f698                __fsym_list_thread
                0x0000f6a4                __fsym_list_sem
                0x0000f6b0                __fsym_list_event
                0x0000f6bc                __fsym_list_mutex
                0x0000f6c8                __fsym_list_mailbox
                0x0000f6d4                __fsym_list_msgqueue
                0x0000f6e0                __fsym_list_timer
                0x0000f6ec                __fsym_list_device
 FSymTab        0x0000f6f8       0x24 ./rt-thread/components/finsh/msh.o
                0x0000f6f8                __fsym_help
                0x0000f704                __fsym_ps
                0x0000f710                __fsym_free
 FSymTab        0x0000f71c       0x30 ./rt-thread/components/drivers/sensors/sensor_cmd.o
                0x0000f71c                __fsym_sensor_fifo
                0x0000f728                __fsym_sensor_int
                0x0000f734                __fsym_sensor_polling
                0x0000f740                __fsym_sensor
 FSymTab        0x0000f74c        0xc ./packages/mpu6xxx-latest/src/mpu6xxx.o
                0x0000f74c                __fsym_mpu6xxx
 FSymTab        0x0000f758        0xc ./libraries/HAL_Drivers/drv_common.o
                0x0000f758                __fsym_reboot
                0x0000f764                __fsymtab_end = .
                0x0000f764                . = ALIGN (0x4)
                0x0000f764                __vsymtab_start = .
 *(VSymTab)
                0x0000f764                __vsymtab_end = .
                0x0000f764                . = ALIGN (0x4)
                0x0000f764                __rt_init_start = .
 *(SORT_BY_NAME(.rti_fn*))
 .rti_fn.0      0x0000f764        0x4 ./rt-thread/src/components.o
                0x0000f764                __rt_init_rti_start
 .rti_fn.0.end  0x0000f768        0x4 ./rt-thread/src/components.o
                0x0000f768                __rt_init_rti_board_start
 .rti_fn.1      0x0000f76c        0x4 ./libraries/HAL_Drivers/drv_soft_i2c.o
                0x0000f76c                __rt_init_rt_hw_i2c_init
 .rti_fn.1.end  0x0000f770        0x4 ./rt-thread/src/components.o
                0x0000f770                __rt_init_rti_board_end
 .rti_fn.4      0x0000f774        0x4 ./rt-thread/components/drivers/i2c/i2c_core.o
                0x0000f774                __rt_init_rt_i2c_core_init
 .rti_fn.6      0x0000f778        0x4 ./src/mpu6050.o
                0x0000f778                __rt_init_rt_hw_mpu6xxx_port
 .rti_fn.6      0x0000f77c        0x4 ./rt-thread/components/finsh/shell.o
                0x0000f77c                __rt_init_finsh_system_init
 .rti_fn.6.end  0x0000f780        0x4 ./rt-thread/src/components.o
                0x0000f780                __rt_init_rti_end
                0x0000f784                __rt_init_end = .
                0x0000f784                . = ALIGN (0x4)
 *(FalPartTable)
 *crtbegin.o(.ctors)
 *crtbegin?.o(.ctors)
 *(EXCLUDE_FILE(*crtend.o *crtend?.o) .ctors)
 *(SORT_BY_NAME(.ctors.*))
 *(.ctors)
 *crtbegin.o(.dtors)
 *crtbegin?.o(.dtors)
 *(EXCLUDE_FILE(*crtend.o *crtend?.o) .dtors)
 *(SORT_BY_NAME(.dtors.*))
 *(.dtors)
 *(.rodata*)
 .rodata        0x0000f784       0x77 ./src/hal_entry.o
 *fill*         0x0000f7fb        0x1 ff
 .rodata.name   0x0000f7fc       0x17 ./src/hal_entry.o
                0x0000f7fc                __fsym_icu_sample_name
                0x0000f808                __fsym_icu_sample_desc
 *fill*         0x0000f813        0x1 ff
 .rodata        0x0000f814        0xc ./src/mpu6050.o
 .rodata        0x0000f820       0x17 ./rt-thread/src/components.o
 *fill*         0x0000f837        0x1 ff
 .rodata.__FUNCTION__.0
                0x0000f838       0x14 ./rt-thread/src/components.o
 .rodata        0x0000f84c       0xbc ./rt-thread/src/device.o
 .rodata.__FUNCTION__.9
                0x0000f908       0x15 ./rt-thread/src/device.o
 *fill*         0x0000f91d        0x3 ff
 .rodata.__FUNCTION__.6
                0x0000f920        0xf ./rt-thread/src/device.o
 *fill*         0x0000f92f        0x1 ff
 .rodata.__FUNCTION__.5
                0x0000f930       0x10 ./rt-thread/src/device.o
 .rodata.__FUNCTION__.4
                0x0000f940        0xf ./rt-thread/src/device.o
 *fill*         0x0000f94f        0x1 ff
 .rodata.__FUNCTION__.3
                0x0000f950       0x10 ./rt-thread/src/device.o
 .rodata.__FUNCTION__.2
                0x0000f960       0x12 ./rt-thread/src/device.o
 *fill*         0x0000f972        0x2 ff
 .rodata.__FUNCTION__.1
                0x0000f974       0x1a ./rt-thread/src/device.o
 *fill*         0x0000f98e        0x2 ff
 .rodata        0x0000f990        0x8 ./rt-thread/src/idle.o
 .rodata        0x0000f998      0x4de ./rt-thread/src/ipc.o
 *fill*         0x0000fe76        0x2 ff
 .rodata.__FUNCTION__.37
                0x0000fe78        0xc ./rt-thread/src/ipc.o
 .rodata.__FUNCTION__.35
                0x0000fe84        0xe ./rt-thread/src/ipc.o
 *fill*         0x0000fe92        0x2 ff
 .rodata.__FUNCTION__.33
                0x0000fe94        0xc ./rt-thread/src/ipc.o
 .rodata.__FUNCTION__.32
                0x0000fea0       0x12 ./rt-thread/src/ipc.o
 *fill*         0x0000feb2        0x2 ff
 .rodata.__FUNCTION__.31
                0x0000feb4        0xf ./rt-thread/src/ipc.o
 *fill*         0x0000fec3        0x1 ff
 .rodata.__FUNCTION__.29
                0x0000fec4        0xe ./rt-thread/src/ipc.o
 *fill*         0x0000fed2        0x2 ff
 .rodata.__FUNCTION__.27
                0x0000fed4       0x10 ./rt-thread/src/ipc.o
 .rodata.__FUNCTION__.25
                0x0000fee4        0xe ./rt-thread/src/ipc.o
 *fill*         0x0000fef2        0x2 ff
 .rodata.__FUNCTION__.24
                0x0000fef4       0x11 ./rt-thread/src/ipc.o
 *fill*         0x0000ff05        0x3 ff
 .rodata        0x0000ff08      0x107 ./rt-thread/src/kservice.o
 *fill*         0x0001000f        0x1 ff
 .rodata.large_digits.4
                0x00010010       0x11 ./rt-thread/src/kservice.o
 *fill*         0x00010021        0x3 ff
 .rodata.small_digits.3
                0x00010024       0x11 ./rt-thread/src/kservice.o
 *fill*         0x00010035        0x3 ff
 .rodata.__FUNCTION__.1
                0x00010038       0x14 ./rt-thread/src/kservice.o
 .rodata.__FUNCTION__.0
                0x0001004c        0xd ./rt-thread/src/kservice.o
 *fill*         0x00010059        0x3 ff
 .rodata        0x0001005c      0x41b ./rt-thread/src/mem.o
 *fill*         0x00010477        0x1 ff
 .rodata.__FUNCTION__.4
                0x00010478        0xb ./rt-thread/src/mem.o
 *fill*         0x00010483        0x1 ff
 .rodata.__FUNCTION__.2
                0x00010484        0xe ./rt-thread/src/mem.o
 *fill*         0x00010492        0x2 ff
 .rodata.__FUNCTION__.0
                0x00010494        0xd ./rt-thread/src/mem.o
 *fill*         0x000104a1        0x3 ff
 .rodata        0x000104a4       0x91 ./rt-thread/src/object.o
 *fill*         0x00010535        0x3 ff
 .rodata.__FUNCTION__.6
                0x00010538        0xf ./rt-thread/src/object.o
 *fill*         0x00010547        0x1 ff
 .rodata.__FUNCTION__.5
                0x00010548       0x11 ./rt-thread/src/object.o
 *fill*         0x00010559        0x3 ff
 .rodata.__FUNCTION__.4
                0x0001055c       0x13 ./rt-thread/src/object.o
 *fill*         0x0001056f        0x1 ff
 .rodata.__FUNCTION__.3
                0x00010570       0x11 ./rt-thread/src/object.o
 *fill*         0x00010581        0x3 ff
 .rodata.__FUNCTION__.2
                0x00010584       0x1a ./rt-thread/src/object.o
 *fill*         0x0001059e        0x2 ff
 .rodata.__FUNCTION__.1
                0x000105a0       0x13 ./rt-thread/src/object.o
 *fill*         0x000105b3        0x1 ff
 .rodata.__FUNCTION__.0
                0x000105b4        0xf ./rt-thread/src/object.o
 *fill*         0x000105c3        0x1 ff
 .rodata        0x000105c4       0x65 ./rt-thread/src/scheduler.o
 *fill*         0x00010629        0x3 ff
 .rodata.__FUNCTION__.2
                0x0001062c       0x1a ./rt-thread/src/scheduler.o
 *fill*         0x00010646        0x2 ff
 .rodata.__FUNCTION__.1
                0x00010648       0x1a ./rt-thread/src/scheduler.o
 *fill*         0x00010662        0x2 ff
 .rodata.__FUNCTION__.0
                0x00010664       0x1a ./rt-thread/src/scheduler.o
 *fill*         0x0001067e        0x2 ff
 .rodata        0x00010680      0x19f ./rt-thread/src/thread.o
 *fill*         0x0001081f        0x1 ff
 .rodata.__FUNCTION__.10
                0x00010820       0x10 ./rt-thread/src/thread.o
 .rodata.__FUNCTION__.9
                0x00010830        0xd ./rt-thread/src/thread.o
 *fill*         0x0001083d        0x3 ff
 .rodata.__FUNCTION__.8
                0x00010840        0xf ./rt-thread/src/thread.o
 *fill*         0x0001084f        0x1 ff
 .rodata.__FUNCTION__.7
                0x00010850       0x12 ./rt-thread/src/thread.o
 *fill*         0x00010862        0x2 ff
 .rodata.__FUNCTION__.6
                0x00010864       0x11 ./rt-thread/src/thread.o
 *fill*         0x00010875        0x3 ff
 .rodata.__FUNCTION__.5
                0x00010878       0x11 ./rt-thread/src/thread.o
 *fill*         0x00010889        0x3 ff
 .rodata.__FUNCTION__.4
                0x0001088c       0x10 ./rt-thread/src/thread.o
 .rodata.__FUNCTION__.2
                0x0001089c       0x12 ./rt-thread/src/thread.o
 *fill*         0x000108ae        0x2 ff
 .rodata.__FUNCTION__.1
                0x000108b0       0x12 ./rt-thread/src/thread.o
 *fill*         0x000108c2        0x2 ff
 .rodata.__FUNCTION__.0
                0x000108c4       0x11 ./rt-thread/src/thread.o
 *fill*         0x000108d5        0x3 ff
 .rodata        0x000108d8      0x10e ./rt-thread/src/timer.o
 *fill*         0x000109e6        0x2 ff
 .rodata.__FUNCTION__.7
                0x000109e8        0xe ./rt-thread/src/timer.o
 *fill*         0x000109f6        0x2 ff
 .rodata.__FUNCTION__.6
                0x000109f8       0x10 ./rt-thread/src/timer.o
 .rodata.__FUNCTION__.3
                0x00010a08        0xf ./rt-thread/src/timer.o
 *fill*         0x00010a17        0x1 ff
 .rodata.__FUNCTION__.1
                0x00010a18        0xe ./rt-thread/src/timer.o
 *fill*         0x00010a26        0x2 ff
 .rodata.__FUNCTION__.0
                0x00010a28       0x11 ./rt-thread/src/timer.o
 *fill*         0x00010a39        0x3 ff
 .rodata        0x00010a3c      0x2ce ./rt-thread/libcpu/arm/cortex-m4/cpuport.o
 *fill*         0x00010d0a        0x2 ff
 .rodata        0x00010d0c      0x5d3 ./rt-thread/components/finsh/cmd.o
 *fill*         0x000112df        0x1 ff
 .rodata.name   0x000112e0      0x176 ./rt-thread/components/finsh/cmd.o
                0x000112e0                __fsym_clear_name
                0x000112e8                __fsym_clear_desc
                0x00011304                __fsym_version_name
                0x0001130c                __fsym_version_desc
                0x00011330                __fsym_list_thread_name
                0x0001133c                __fsym_list_thread_desc
                0x00011348                __fsym_list_sem_name
                0x00011354                __fsym_list_sem_desc
                0x00011370                __fsym_list_event_name
                0x0001137c                __fsym_list_event_desc
                0x00011394                __fsym_list_mutex_name
                0x000113a0                __fsym_list_mutex_desc
                0x000113b8                __fsym_list_mailbox_name
                0x000113c8                __fsym_list_mailbox_desc
                0x000113e0                __fsym_list_msgqueue_name
                0x000113f0                __fsym_list_msgqueue_desc
                0x00011410                __fsym_list_timer_name
                0x0001141c                __fsym_list_timer_desc
                0x00011434                __fsym_list_device_name
                0x00011440                __fsym_list_device_desc
 *fill*         0x00011456        0x2 ff
 .rodata.device_type_str
                0x00011458       0x64 ./rt-thread/components/finsh/cmd.o
 .rodata        0x000114bc       0xa8 ./rt-thread/components/finsh/msh.o
 .rodata.name   0x00011564       0x6d ./rt-thread/components/finsh/msh.o
                0x00011564                __fsym_help_name
                0x0001156c                __fsym_help_desc
                0x00011584                __fsym_ps_name
                0x00011588                __fsym_ps_desc
                0x000115a4                __fsym_free_name
                0x000115ac                __fsym_free_desc
 *fill*         0x000115d1        0x3 ff
 .rodata.__FUNCTION__.0
                0x000115d4        0xe ./rt-thread/components/finsh/msh.o
 *fill*         0x000115e2        0x2 ff
 .rodata        0x000115e4       0x91 ./rt-thread/components/finsh/shell.o
 *fill*         0x00011675        0x3 ff
 .rodata.__FUNCTION__.6
                0x00011678       0x16 ./rt-thread/components/finsh/shell.o
 *fill*         0x0001168e        0x2 ff
 .rodata.__FUNCTION__.5
                0x00011690        0xe ./rt-thread/components/finsh/shell.o
 *fill*         0x0001169e        0x2 ff
 .rodata.__FUNCTION__.4
                0x000116a0        0xd ./rt-thread/components/finsh/shell.o
 *fill*         0x000116ad        0x3 ff
 .rodata.__FUNCTION__.3
                0x000116b0       0x11 ./rt-thread/components/finsh/shell.o
 *fill*         0x000116c1        0x3 ff
 .rodata        0x000116c4      0x18b ./rt-thread/components/drivers/serial/serial_v2.o
 *fill*         0x0001184f        0x1 ff
 .rodata.__FUNCTION__.18
                0x00011850       0x1c ./rt-thread/components/drivers/serial/serial_v2.o
 .rodata.__FUNCTION__.17
                0x0001186c       0x1c ./rt-thread/components/drivers/serial/serial_v2.o
 .rodata.__FUNCTION__.16
                0x00011888       0x1d ./rt-thread/components/drivers/serial/serial_v2.o
 *fill*         0x000118a5        0x3 ff
 .rodata.__FUNCTION__.15
                0x000118a8       0x10 ./rt-thread/components/drivers/serial/serial_v2.o
 .rodata.__FUNCTION__.14
                0x000118b8       0x10 ./rt-thread/components/drivers/serial/serial_v2.o
 .rodata.__FUNCTION__.13
                0x000118c8       0x10 ./rt-thread/components/drivers/serial/serial_v2.o
 .rodata.__FUNCTION__.12
                0x000118d8       0x1e ./rt-thread/components/drivers/serial/serial_v2.o
 *fill*         0x000118f6        0x2 ff
 .rodata.__FUNCTION__.11
                0x000118f8       0x1d ./rt-thread/components/drivers/serial/serial_v2.o
 *fill*         0x00011915        0x3 ff
 .rodata.__FUNCTION__.10
                0x00011918       0x1c ./rt-thread/components/drivers/serial/serial_v2.o
 .rodata.__FUNCTION__.9
                0x00011934       0x14 ./rt-thread/components/drivers/serial/serial_v2.o
 .rodata.__FUNCTION__.8
                0x00011948       0x14 ./rt-thread/components/drivers/serial/serial_v2.o
 .rodata.__FUNCTION__.7
                0x0001195c       0x15 ./rt-thread/components/drivers/serial/serial_v2.o
 *fill*         0x00011971        0x3 ff
 .rodata.__FUNCTION__.6
                0x00011974       0x15 ./rt-thread/components/drivers/serial/serial_v2.o
 *fill*         0x00011989        0x3 ff
 .rodata.__FUNCTION__.5
                0x0001198c        0xf ./rt-thread/components/drivers/serial/serial_v2.o
 *fill*         0x0001199b        0x1 ff
 .rodata.__FUNCTION__.4
                0x0001199c        0xf ./rt-thread/components/drivers/serial/serial_v2.o
 *fill*         0x000119ab        0x1 ff
 .rodata.__FUNCTION__.3
                0x000119ac       0x10 ./rt-thread/components/drivers/serial/serial_v2.o
 .rodata.__FUNCTION__.2
                0x000119bc       0x12 ./rt-thread/components/drivers/serial/serial_v2.o
 *fill*         0x000119ce        0x2 ff
 .rodata.__FUNCTION__.1
                0x000119d0       0x16 ./rt-thread/components/drivers/serial/serial_v2.o
 *fill*         0x000119e6        0x2 ff
 .rodata.__FUNCTION__.0
                0x000119e8       0x11 ./rt-thread/components/drivers/serial/serial_v2.o
 *fill*         0x000119f9        0x3 ff
 .rodata        0x000119fc      0x163 ./rt-thread/components/drivers/sensors/sensor.o
 *fill*         0x00011b5f        0x1 ff
 .rodata.sensor_name_str
                0x00011b60       0x54 ./rt-thread/components/drivers/sensors/sensor.o
 .rodata.__FUNCTION__.4
                0x00011bb4        0xf ./rt-thread/components/drivers/sensors/sensor.o
 *fill*         0x00011bc3        0x1 ff
 .rodata.__FUNCTION__.3
                0x00011bc4       0x10 ./rt-thread/components/drivers/sensors/sensor.o
 .rodata.__FUNCTION__.2
                0x00011bd4        0xf ./rt-thread/components/drivers/sensors/sensor.o
 *fill*         0x00011be3        0x1 ff
 .rodata.__FUNCTION__.1
                0x00011be4       0x12 ./rt-thread/components/drivers/sensors/sensor.o
 *fill*         0x00011bf6        0x2 ff
 .rodata.__FUNCTION__.0
                0x00011bf8       0x16 ./rt-thread/components/drivers/sensors/sensor.o
 *fill*         0x00011c0e        0x2 ff
 .rodata        0x00011c10      0x971 ./rt-thread/components/drivers/sensors/sensor_cmd.o
 *fill*         0x00012581        0x3 ff
 .rodata.name   0x00012584       0xad ./rt-thread/components/drivers/sensors/sensor_cmd.o
                0x00012584                __fsym_sensor_fifo_name
                0x00012590                __fsym_sensor_fifo_desc
                0x000125b0                __fsym_sensor_int_name
                0x000125bc                __fsym_sensor_int_desc
                0x000125e0                __fsym_sensor_polling_name
                0x000125f0                __fsym_sensor_polling_desc
                0x00012614                __fsym_sensor_name
                0x0001261c                __fsym_sensor_desc
 *fill*         0x00012631        0x3 ff
 .rodata        0x00012634       0x37 ./rt-thread/components/drivers/misc/pin.o
 *fill*         0x0001266b        0x1 ff
 .rodata.__FUNCTION__.9
                0x0001266c        0xa ./rt-thread/components/drivers/misc/pin.o
 *fill*         0x00012676        0x2 ff
 .rodata.__FUNCTION__.8
                0x00012678        0xb ./rt-thread/components/drivers/misc/pin.o
 *fill*         0x00012683        0x1 ff
 .rodata.__FUNCTION__.7
                0x00012684        0xd ./rt-thread/components/drivers/misc/pin.o
 *fill*         0x00012691        0x3 ff
 .rodata.__FUNCTION__.6
                0x00012694       0x12 ./rt-thread/components/drivers/misc/pin.o
 *fill*         0x000126a6        0x2 ff
 .rodata.__FUNCTION__.4
                0x000126a8       0x12 ./rt-thread/components/drivers/misc/pin.o
 *fill*         0x000126ba        0x2 ff
 .rodata.__FUNCTION__.3
                0x000126bc        0xc ./rt-thread/components/drivers/misc/pin.o
 .rodata.__FUNCTION__.2
                0x000126c8        0xd ./rt-thread/components/drivers/misc/pin.o
 *fill*         0x000126d5        0x3 ff
 .rodata.__FUNCTION__.1
                0x000126d8        0xc ./rt-thread/components/drivers/misc/pin.o
 .rodata.__FUNCTION__.0
                0x000126e4        0xb ./rt-thread/components/drivers/misc/pin.o
 *fill*         0x000126ef        0x1 ff
 .rodata        0x000126f0       0xd7 ./rt-thread/components/drivers/ipc/completion.o